Archive member included to satisfy reference by file (symbol)

app/libapp.a(main.c.obj)      (--whole-archive)
app/libapp.a(my_service.c.obj)
                              (--whole-archive)
zephyr/libzephyr.a(crc32_sw.c.obj)
                              (--whole-archive)
zephyr/libzephyr.a(crc16_sw.c.obj)
                              (--whole-archive)
zephyr/libzephyr.a(crc8_sw.c.obj)
                              (--whole-archive)
zephyr/libzephyr.a(crc7_sw.c.obj)
                              (--whole-archive)
zephyr/libzephyr.a(dec.c.obj)
                              (--whole-archive)
zephyr/libzephyr.a(fdtable.c.obj)
                              (--whole-archive)
zephyr/libzephyr.a(hex.c.obj)
                              (--whole-archive)
zephyr/libzephyr.a(mempool.c.obj)
                              (--whole-archive)
zephyr/libzephyr.a(printk.c.obj)
                              (--whole-archive)
zephyr/libzephyr.a(onoff.c.obj)
                              (--whole-archive)
zephyr/libzephyr.a(rb.c.obj)  (--whole-archive)
zephyr/libzephyr.a(sem.c.obj)
                              (--whole-archive)
zephyr/libzephyr.a(thread_entry.c.obj)
                              (--whole-archive)
zephyr/libzephyr.a(timeutil.c.obj)
                              (--whole-archive)
zephyr/libzephyr.a(work_q.c.obj)
                              (--whole-archive)
zephyr/libzephyr.a(configs.c.obj)
                              (--whole-archive)
zephyr/libzephyr.a(soc.c.obj)
                              (--whole-archive)
zephyr/libzephyr.a(power.c.obj)
                              (--whole-archive)
zephyr/libzephyr.a(validate_base_addresses.c.obj)
                              (--whole-archive)
zephyr/libzephyr.a(utils.c.obj)
                              (--whole-archive)
zephyr/libzephyr.a(aes_decrypt.c.obj)
                              (--whole-archive)
zephyr/libzephyr.a(aes_encrypt.c.obj)
                              (--whole-archive)
zephyr/libzephyr.a(cmac_mode.c.obj)
                              (--whole-archive)
zephyr/libzephyr.a(sha256.c.obj)
                              (--whole-archive)
zephyr/libzephyr.a(hmac.c.obj)
                              (--whole-archive)
zephyr/libzephyr.a(hmac_prng.c.obj)
                              (--whole-archive)
zephyr/libzephyr.a(log_list.c.obj)
                              (--whole-archive)
zephyr/libzephyr.a(log_core.c.obj)
                              (--whole-archive)
zephyr/libzephyr.a(log_msg.c.obj)
                              (--whole-archive)
zephyr/libzephyr.a(log_output.c.obj)
                              (--whole-archive)
zephyr/libzephyr.a(log_backend_uart.c.obj)
                              (--whole-archive)
zephyr/libzephyr.a(addr_utils.c.obj)
                              (--whole-archive)
zephyr/libzephyr.a(power.c.obj)
                              (--whole-archive)
zephyr/libzephyr.a(policy_residency.c.obj)
                              (--whole-archive)
zephyr/libzephyr.a(uart_console.c.obj)
                              (--whole-archive)
zephyr/libzephyr.a(nrf_power_clock.c.obj)
                              (--whole-archive)
zephyr/libzephyr.a(rpmsg.c.obj)
                              (--whole-archive)
zephyr/libzephyr.a(rpmsg_nrf53.c.obj)
                              (--whole-archive)
zephyr/libzephyr.a(sys_clock_init.c.obj)
                              (--whole-archive)
zephyr/libzephyr.a(nrf_rtc_timer.c.obj)
                              (--whole-archive)
zephyr/arch/common/libarch__common.a(isr_tables.c.obj)
                              (--whole-archive)
zephyr/arch/common/libarch__common.a(sw_isr_common.c.obj)
                              (--whole-archive)
zephyr/arch/arch/arm/core/aarch32/libarch__arm__core__aarch32.a(exc_exit.S.obj)
                              (--whole-archive)
zephyr/arch/arch/arm/core/aarch32/libarch__arm__core__aarch32.a(swap.c.obj)
                              (--whole-archive)
zephyr/arch/arch/arm/core/aarch32/libarch__arm__core__aarch32.a(swap_helper.S.obj)
                              (--whole-archive)
zephyr/arch/arch/arm/core/aarch32/libarch__arm__core__aarch32.a(irq_manage.c.obj)
                              (--whole-archive)
zephyr/arch/arch/arm/core/aarch32/libarch__arm__core__aarch32.a(thread.c.obj)
                              (--whole-archive)
zephyr/arch/arch/arm/core/aarch32/libarch__arm__core__aarch32.a(cpu_idle.S.obj)
                              (--whole-archive)
zephyr/arch/arch/arm/core/aarch32/libarch__arm__core__aarch32.a(fault_s.S.obj)
                              (--whole-archive)
zephyr/arch/arch/arm/core/aarch32/libarch__arm__core__aarch32.a(fatal.c.obj)
                              (--whole-archive)
zephyr/arch/arch/arm/core/aarch32/libarch__arm__core__aarch32.a(nmi.c.obj)
                              (--whole-archive)
zephyr/arch/arch/arm/core/aarch32/libarch__arm__core__aarch32.a(nmi_on_reset.S.obj)
                              (--whole-archive)
[...]
Memory Configuration

Name             Origin             Length             Attributes
FLASH            0x00000000         0x00100000         xr
SRAM             0x20000000         0x00070000         xw
IDT_LIST         0x20070000         0x00000800         xw
*default*        0x00000000         0xffffffff

Linker script and memory map

LOAD zephyr/CMakeFiles/zephyr_prebuilt.dir/misc/empty_file.c.obj
                0x00000020                _region_min_align = 0x20

.rel.plt        0x00000000        0x0
 *(SORT_BY_ALIGNMENT(.rel.plt))
                [!provide]                PROVIDE (__rel_iplt_start = .)
 *(SORT_BY_ALIGNMENT(.rel.iplt))
 .rel.iplt      0x00000000        0x0 app/libapp.a(main.c.obj)
                [!provide]                PROVIDE (__rel_iplt_end = .)

.rela.plt       0x00000000        0x0
 *(SORT_BY_ALIGNMENT(.rela.plt))
                [!provide]                PROVIDE (__rela_iplt_start = .)
 *(SORT_BY_ALIGNMENT(.rela.iplt))
                [!provide]                PROVIDE (__rela_iplt_end = .)

.rel.dyn
 *(SORT_BY_ALIGNMENT(.rel.*))

.rela.dyn
 *(SORT_BY_ALIGNMENT(.rela.*))

/DISCARD/
 *(SORT_BY_ALIGNMENT(.plt))
 *(SORT_BY_ALIGNMENT(.iplt))
 *(SORT_BY_ALIGNMENT(.got.plt))
 *(SORT_BY_ALIGNMENT(.igot.plt))
 *(SORT_BY_ALIGNMENT(.got))
 *(SORT_BY_ALIGNMENT(.igot))
 *(SORT_BY_ALIGNMENT(.note.GNU-stack))
                0x00000000                _image_rom_start = 0x0

rom_start       0x00000000      0x154
                0x00000000                . = 0x0
                0x00000000                . = ALIGN (0x4)
                0x00000000                _vector_start = .
 *(SORT_BY_ALIGNMENT(.exc_vector_table))
 *(SORT_BY_ALIGNMENT(.exc_vector_table.*))
 .exc_vector_table._vector_table_section
                0x00000000       0x40 zephyr/arch/arch/arm/core/aarch32/cortex_m/libarch__arm__core__aarch32__cortex_m.a(vector_table.S.obj)
                0x00000000                _vector_table
 *(SORT_BY_ALIGNMENT(.gnu.linkonce.irq_vector_table))
 .gnu.linkonce.irq_vector_table
                0x00000040      0x114 zephyr/arch/common/libarch__common.a(isr_tables.c.obj)
                0x00000040                _irq_vector_table
 *(SORT_BY_ALIGNMENT(.vectors))
                0x00000154                _vector_end = .
 *(SORT_BY_ALIGNMENT(.openocd_dbg))
 *(SORT_BY_ALIGNMENT(.openocd_dbg.*))

text            0x00000154     0xe25c
                0x00000154                _image_text_start = .
 *(SORT_BY_ALIGNMENT(.text))
 .text          0x00000154       0x30 c:/program files (x86)/gnu tools arm embedded/8 2019-q3-update/bin/../lib/gcc/arm-none-eabi/8.3.1/thumb/v8-m.main/nofp\libgcc.a(_aeabi_uldivmod.o)
                0x00000154                __aeabi_uldivmod
 .text          0x00000184      0x2c8 c:/program files (x86)/gnu tools arm embedded/8 2019-q3-update/bin/../lib/gcc/arm-none-eabi/8.3.1/thumb/v8-m.main/nofp\libgcc.a(_udivmoddi4.o)
                0x00000184                __udivmoddi4
 .text          0x0000044c        0x4 c:/program files (x86)/gnu tools arm embedded/8 2019-q3-update/bin/../lib/gcc/arm-none-eabi/8.3.1/thumb/v8-m.main/nofp\libgcc.a(_dvmd_tls.o)
                0x0000044c                __aeabi_idiv0
                0x0000044c                __aeabi_ldiv0
 *(SORT_BY_ALIGNMENT(.text.*))
 .text.disconnected
                0x00000450        0xc app/libapp.a(main.c.obj)
 .text.bt_ready
                0x0000045c       0x80 app/libapp.a(main.c.obj)
 .text.bt_addr_le_to_str.constprop.5
                0x000004dc       0x78 app/libapp.a(main.c.obj)
 .text.connected
                0x00000554       0x60 app/libapp.a(main.c.obj)
 .text.le_param_updated
                0x000005b4       0x44 app/libapp.a(main.c.obj)
 .text.error    0x000005f8       0x18 app/libapp.a(main.c.obj)
 .text.main     0x00000610       0x70 app/libapp.a(main.c.obj)
                0x00000610                main
 .text.on_cccd_changed
                0x00000680       0x10 app/libapp.a(my_service.c.obj)
                0x00000680                on_cccd_changed
 .text.on_receive
                0x00000690       0x18 app/libapp.a(my_service.c.obj)
 .text.on_sent  0x000006a8        0xc app/libapp.a(my_service.c.obj)
 .text.my_service_init
                0x000006b4       0x24 app/libapp.a(my_service.c.obj)
                0x000006b4                my_service_init
 .text.my_service_send
                0x000006d8       0x7c app/libapp.a(my_service.c.obj)
                0x000006d8                my_service_send
 .text.char_out
                0x00000754       0x10 zephyr/libzephyr.a(printk.c.obj)
 .text._printk_dec_ulong
                0x00000764       0x98 zephyr/libzephyr.a(printk.c.obj)
 .text.__printk_hook_install
                0x000007fc        0xc zephyr/libzephyr.a(printk.c.obj)
                0x000007fc                __printk_hook_install
 .text.vprintk  0x00000808       0x1c zephyr/libzephyr.a(printk.c.obj)
                0x00000808                vprintk
 .text.vsnprintk
                0x00000824       0x28 zephyr/libzephyr.a(printk.c.obj)
                0x00000824                vsnprintk
 .text.nordicsemi_nrf53_init
                0x0000084c       0x3c zephyr/libzephyr.a(soc.c.obj)
 .text.tc_aes128_set_encrypt_key
                0x00000888       0xac zephyr/libzephyr.a(aes_encrypt.c.obj)
                0x00000888                tc_aes128_set_encrypt_key
 .text.tc_aes_encrypt
                0x00000934       0xd4 zephyr/libzephyr.a(aes_encrypt.c.obj)
                0x00000934                tc_aes_encrypt
 .text.compress
                0x00000a08      0x1b8 zephyr/libzephyr.a(sha256.c.obj)
 .text.tc_sha256_init
                0x00000bc0       0x58 zephyr/libzephyr.a(sha256.c.obj)
                0x00000bc0                tc_sha256_init
 .text.enable_logger
                0x00000c18       0x54 zephyr/libzephyr.a(log_core.c.obj)
 .text.log_process_thread_timer_expiry_fn
                0x00000c6c        0xc zephyr/libzephyr.a(log_core.c.obj)
 .text.log_core_init
                0x00000c78       0x40 zephyr/libzephyr.a(log_core.c.obj)
                0x00000c78                log_core_init
 .text.dropped_notify
                0x00000cb8       0x44 zephyr/libzephyr.a(log_core.c.obj)
                0x00000cb8                dropped_notify
 .text.log_dropped
                0x00000cfc       0x18 zephyr/libzephyr.a(log_core.c.obj)
                0x00000cfc                log_dropped
 .text.log_source_name_get
                0x00000d14       0x1c zephyr/libzephyr.a(log_core.c.obj)
                0x00000d14                log_source_name_get
 .text.log_backend_enable
                0x00000d30       0x34 zephyr/libzephyr.a(log_core.c.obj)
                0x00000d30                log_backend_enable
 .text.log_init
                0x00000d64       0x4c zephyr/libzephyr.a(log_core.c.obj)
                0x00000d64                log_init
 .text.log_strdup
                0x00000db0       0x64 zephyr/libzephyr.a(log_core.c.obj)
                0x00000db0                log_strdup
 .text.log_is_strdup
                0x00000e14       0x1c zephyr/libzephyr.a(log_core.c.obj)
                0x00000e14                log_is_strdup
 .text.z_impl_log_process
                0x00000e30      0x14c zephyr/libzephyr.a(log_core.c.obj)
                0x00000e30                z_impl_log_process
 .text.msg_finalize
                0x00000f7c       0xb0 zephyr/libzephyr.a(log_core.c.obj)
 .text.log_process_thread_func
                0x0000102c       0x44 zephyr/libzephyr.a(log_core.c.obj)
 .text.z_impl_log_panic
                0x00001070       0x48 zephyr/libzephyr.a(log_core.c.obj)
                0x00001070                z_impl_log_panic
 .text.log_free
                0x000010b8       0x2c zephyr/libzephyr.a(log_core.c.obj)
                0x000010b8                log_free
 .text.log_msg_pool_init
                0x000010e4       0x14 zephyr/libzephyr.a(log_msg.c.obj)
                0x000010e4                log_msg_pool_init
 .text.log_msg_no_space_handle
                0x000010f8       0x30 zephyr/libzephyr.a(log_msg.c.obj)
                0x000010f8                log_msg_no_space_handle
 .text.log_msg_chunk_alloc
                0x00001128       0x24 zephyr/libzephyr.a(log_msg.c.obj)
                0x00001128                log_msg_chunk_alloc
 .text.msg_free
                0x0000114c       0x84 zephyr/libzephyr.a(log_msg.c.obj)
 .text.print_formatted
                0x000011d0       0x24 zephyr/libzephyr.a(log_output.c.obj)
 .text.prefix_print
                0x000011f4      0x11c zephyr/libzephyr.a(log_output.c.obj)
 .text.postfix_print
                0x00001310       0x3c zephyr/libzephyr.a(log_output.c.obj)
 .text.hexdump_line_print
                0x0000134c       0xd8 zephyr/libzephyr.a(log_output.c.obj)
 .text.log_output_msg_process
                0x00001424       0xec zephyr/libzephyr.a(log_output.c.obj)
                0x00001424                log_output_msg_process
 .text.log_output_dropped_process
                0x00001510       0x54 zephyr/libzephyr.a(log_output.c.obj)
                0x00001510                log_output_dropped_process
 .text.log_output_timestamp_freq_set
                0x00001564       0x30 zephyr/libzephyr.a(log_output.c.obj)
                0x00001564                log_output_timestamp_freq_set
 .text.panic    0x00001594        0xc zephyr/libzephyr.a(log_backend_uart.c.obj)
 .text.dropped  0x000015a0        0xc zephyr/libzephyr.a(log_backend_uart.c.obj)
 .text.log_backend_uart_init
                0x000015ac       0x18 zephyr/libzephyr.a(log_backend_uart.c.obj)
 .text.put      0x000015c4       0x24 zephyr/libzephyr.a(log_backend_uart.c.obj)
 .text.console_out
                0x000015e8       0x28 zephyr/libzephyr.a(uart_console.c.obj)
 .text.uart_console_hook_install
                0x00001610       0x18 zephyr/libzephyr.a(uart_console.c.obj)
                0x00001610                uart_console_hook_install
 .text.uart_console_init
                0x00001628       0x1c zephyr/libzephyr.a(uart_console.c.obj)
 .text.nrf_power_clock_isr
                0x00001644       0x54 zephyr/libzephyr.a(nrf_power_clock.c.obj)
                0x00001644                nrf_power_clock_isr
 .text.bt_rpmsg_init
                0x00001698        0xc zephyr/libzephyr.a(rpmsg.c.obj)
 .text.bt_rpmsg_send
                0x000016a4       0x70 zephyr/libzephyr.a(rpmsg.c.obj)
 .text.bt_rpmsg_rx
                0x00001714      0x1dc zephyr/libzephyr.a(rpmsg.c.obj)
                0x00001714                bt_rpmsg_rx
 .text.virtio_set_status
                0x000018f0        0xc zephyr/libzephyr.a(rpmsg_nrf53.c.obj)
 .text.ns_bind_cb
                0x000018fc       0x38 zephyr/libzephyr.a(rpmsg_nrf53.c.obj)
 .text.virtio_notify
                0x00001934       0x50 zephyr/libzephyr.a(rpmsg_nrf53.c.obj)
 .text.bt_rpmsg_rx_thread
                0x00001984       0x24 zephyr/libzephyr.a(rpmsg_nrf53.c.obj)
 .text.ipm_callback
                0x000019a8        0xc zephyr/libzephyr.a(rpmsg_nrf53.c.obj)
 .text.bt_rpmsg_platform_init
                0x000019b4      0x2a0 zephyr/libzephyr.a(rpmsg_nrf53.c.obj)
                0x000019b4                bt_rpmsg_platform_init
 .text.bt_rpmsg_platform_send
                0x00001c54       0x2c zephyr/libzephyr.a(rpmsg_nrf53.c.obj)
                0x00001c54                bt_rpmsg_platform_send
 .text.rtc1_nrf_isr
                0x00001c80       0x40 zephyr/libzephyr.a(nrf_rtc_timer.c.obj)
                0x00001c80                rtc1_nrf_isr
 .text.z_clock_driver_init
                0x00001cc0       0x6c zephyr/libzephyr.a(nrf_rtc_timer.c.obj)
                0x00001cc0                z_clock_driver_init
 .text.z_clock_set_timeout
                0x00001d2c       0xac zephyr/libzephyr.a(nrf_rtc_timer.c.obj)
                0x00001d2c                z_clock_set_timeout
 .text.z_clock_elapsed
                0x00001dd8       0x34 zephyr/libzephyr.a(nrf_rtc_timer.c.obj)
                0x00001dd8                z_clock_elapsed
 .text.z_timer_cycle_get_32
                0x00001e0c       0x34 zephyr/libzephyr.a(nrf_rtc_timer.c.obj)
                0x00001e0c                z_timer_cycle_get_32
 .text._HandlerModeExit
                0x00001e40       0x1c zephyr/arch/arch/arm/core/aarch32/libarch__arm__core__aarch32.a(exc_exit.S.obj)
                0x00001e40                z_arm_int_exit
                0x00001e40                z_arm_exc_exit
 .text.arch_swap
                0x00001e5c       0x34 zephyr/arch/arch/arm/core/aarch32/libarch__arm__core__aarch32.a(swap.c.obj)
                0x00001e5c                arch_swap
 .text.z_arm_pendsv
                0x00001e90       0x54 zephyr/arch/arch/arm/core/aarch32/libarch__arm__core__aarch32.a(swap_helper.S.obj)
                0x00001e90                z_arm_pendsv
 .text.z_arm_svc
                0x00001ee4       0x20 zephyr/arch/arch/arm/core/aarch32/libarch__arm__core__aarch32.a(swap_helper.S.obj)
                0x00001ee4                z_arm_svc
 .text.arch_irq_enable
                0x00001f04       0x20 zephyr/arch/arch/arm/core/aarch32/libarch__arm__core__aarch32.a(irq_manage.c.obj)
                0x00001f04                arch_irq_enable
 .text.z_arm_irq_priority_set
                0x00001f24       0x30 zephyr/arch/arch/arm/core/aarch32/libarch__arm__core__aarch32.a(irq_manage.c.obj)
                0x00001f24                z_arm_irq_priority_set
 .text.arch_new_thread
                0x00001f54       0x44 zephyr/arch/arch/arm/core/aarch32/libarch__arm__core__aarch32.a(thread.c.obj)
                0x00001f54                arch_new_thread
 .text.arch_switch_to_main_thread
                0x00001f98       0x3c zephyr/arch/arch/arm/core/aarch32/libarch__arm__core__aarch32.a(thread.c.obj)
                0x00001f98                arch_switch_to_main_thread
 .text.z_arm_cpu_idle_init
                0x00001fd4        0xc zephyr/arch/arch/arm/core/aarch32/libarch__arm__core__aarch32.a(cpu_idle.S.obj)
                0x00001fd4                z_arm_cpu_idle_init
 .text.arch_cpu_idle
                0x00001fe0        0xc zephyr/arch/arch/arm/core/aarch32/libarch__arm__core__aarch32.a(cpu_idle.S.obj)
                0x00001fe0                arch_cpu_idle
 .text.__fault  0x00001fec       0x14 zephyr/arch/arch/arm/core/aarch32/libarch__arm__core__aarch32.a(fault_s.S.obj)
                0x00001fec                z_arm_usage_fault
                0x00001fec                z_arm_mpu_fault
                0x00001fec                z_arm_reserved
                0x00001fec                z_arm_debug_monitor
                0x00001fec                z_arm_hard_fault
                0x00001fec                z_arm_bus_fault
 .text.z_arm_fatal_error
                0x00002000       0xa4 zephyr/arch/arch/arm/core/aarch32/libarch__arm__core__aarch32.a(fatal.c.obj)
                0x00002000                z_arm_fatal_error
 .text.z_SysNmiOnReset
                0x000020a4        0x8 zephyr/arch/arch/arm/core/aarch32/libarch__arm__core__aarch32.a(nmi_on_reset.S.obj)
                0x000020a4                z_SysNmiOnReset
 .text.z_arm_prep_c
                0x000020ac       0x2c zephyr/arch/arch/arm/core/aarch32/libarch__arm__core__aarch32.a(prep_c.c.obj)
                0x000020ac                z_arm_prep_c
 .text._isr_wrapper
                0x000020d8       0x40 zephyr/arch/arch/arm/core/aarch32/libarch__arm__core__aarch32.a(isr_wrapper.S.obj)
                0x000020d8                _isr_wrapper
 .text._reset_section
                0x00002118       0x30 zephyr/arch/arch/arm/core/aarch32/cortex_m/libarch__arm__core__aarch32__cortex_m.a(reset.S.obj)
                0x00002118                __start
                0x00002118                z_arm_reset
 .text.usage_fault.isra.2
                0x00002148      0x124 zephyr/arch/arch/arm/core/aarch32/cortex_m/libarch__arm__core__aarch32__cortex_m.a(fault.c.obj)
 .text.mem_manage_fault.isra.4
                0x0000226c      0x110 zephyr/arch/arch/arm/core/aarch32/cortex_m/libarch__arm__core__aarch32__cortex_m.a(fault.c.obj)
 .text.bus_fault.isra.5
                0x0000237c      0x12c zephyr/arch/arch/arm/core/aarch32/cortex_m/libarch__arm__core__aarch32__cortex_m.a(fault.c.obj)
 .text.z_arm_fault
                0x000024a8      0x1d0 zephyr/arch/arch/arm/core/aarch32/cortex_m/libarch__arm__core__aarch32__cortex_m.a(fault.c.obj)
                0x000024a8                z_arm_fault
 .text.z_arm_fault_init
                0x00002678       0x10 zephyr/arch/arch/arm/core/aarch32/cortex_m/libarch__arm__core__aarch32__cortex_m.a(fault.c.obj)
                0x00002678                z_arm_fault_init
 .text.sys_arch_reboot
                0x00002688       0x24 zephyr/arch/arch/arm/core/aarch32/cortex_m/libarch__arm__core__aarch32__cortex_m.a(scb.c.obj)
                0x00002688                sys_arch_reboot
 .text.z_arm_int_lib_init
                0x000026ac       0x18 zephyr/arch/arch/arm/core/aarch32/cortex_m/libarch__arm__core__aarch32__cortex_m.a(irq_init.c.obj)
                0x000026ac                z_arm_int_lib_init
 .text.z_impl_k_thread_abort
                0x000026c4       0x4c zephyr/arch/arch/arm/core/aarch32/cortex_m/libarch__arm__core__aarch32__cortex_m.a(thread_abort.c.obj)
                0x000026c4                z_impl_k_thread_abort
 .text.z_arm_configure_static_mpu_regions
                0x00002710       0x54 zephyr/arch/arch/arm/core/aarch32/cortex_m/mpu/libarch__arm__core__aarch32__cortex_m__mpu.a(arm_core_mpu.c.obj)
                0x00002710                z_arm_configure_static_mpu_regions
 .text.region_init
                0x00002764       0x30 zephyr/arch/arch/arm/core/aarch32/cortex_m/mpu/libarch__arm__core__aarch32__cortex_m__mpu.a(arm_mpu.c.obj)
 .text.region_allocate_and_init.part.0
                0x00002794       0x34 zephyr/arch/arch/arm/core/aarch32/cortex_m/mpu/libarch__arm__core__aarch32__cortex_m__mpu.a(arm_mpu.c.obj)
 .text.mpu_configure_regions_and_partition.constprop.2
                0x000027c8      0x19c zephyr/arch/arch/arm/core/aarch32/cortex_m/mpu/libarch__arm__core__aarch32__cortex_m__mpu.a(arm_mpu.c.obj)
 .text.arm_core_mpu_enable
                0x00002964       0x14 zephyr/arch/arch/arm/core/aarch32/cortex_m/mpu/libarch__arm__core__aarch32__cortex_m__mpu.a(arm_mpu.c.obj)
                0x00002964                arm_core_mpu_enable
 .text.arm_core_mpu_disable
                0x00002978       0x10 zephyr/arch/arch/arm/core/aarch32/cortex_m/mpu/libarch__arm__core__aarch32__cortex_m__mpu.a(arm_mpu.c.obj)
                0x00002978                arm_core_mpu_disable
 .text.arm_mpu_init
                0x00002988       0x4c zephyr/arch/arch/arm/core/aarch32/cortex_m/mpu/libarch__arm__core__aarch32__cortex_m__mpu.a(arm_mpu.c.obj)
 .text.arm_core_mpu_configure_static_mpu_regions
                0x000029d4       0x14 zephyr/arch/arch/arm/core/aarch32/cortex_m/mpu/libarch__arm__core__aarch32__cortex_m__mpu.a(arm_mpu.c.obj)
                0x000029d4                arm_core_mpu_configure_static_mpu_regions
 .text.arm_core_mpu_mark_areas_for_dynamic_regions
                0x000029e8       0xa8 zephyr/arch/arch/arm/core/aarch32/cortex_m/mpu/libarch__arm__core__aarch32__cortex_m__mpu.a(arm_mpu.c.obj)
                0x000029e8                arm_core_mpu_mark_areas_for_dynamic_regions
 .text.arm_core_mpu_configure_dynamic_mpu_regions
                0x00002a90       0x40 zephyr/arch/arch/arm/core/aarch32/cortex_m/mpu/libarch__arm__core__aarch32__cortex_m__mpu.a(arm_mpu.c.obj)
                0x00002a90                arm_core_mpu_configure_dynamic_mpu_regions
 .text.z_prf    0x00002ad0      0x984 zephyr/lib/libc/minimal/liblib__libc__minimal.a(prf.c.obj)
                0x00002ad0                z_prf
 .text.__stdout_hook_install
                0x00003454        0xc zephyr/lib/libc/minimal/liblib__libc__minimal.a(stdout_console.c.obj)
                0x00003454                __stdout_hook_install
 .text.snprintf
                0x00003460       0x30 zephyr/lib/libc/minimal/liblib__libc__minimal.a(sprintf.c.obj)
                0x00003460                snprintf
 .text.remoteproc_mgr_boot
                0x00003490       0x34 zephyr/boards/arm/nrf5340_dk_nrf5340/libboards__arm__nrf5340_dk_nrf5340.a(nrf5340_cpunet_reset.c.obj)
 .text.bt_hex_real
                0x000034c4       0x44 zephyr/subsys/bluetooth/common/libsubsys__bluetooth__common.a(log.c.obj)
                0x000034c4                bt_hex_real
 .text.bt_addr_le_str_real
                0x00003508       0x7c zephyr/subsys/bluetooth/common/libsubsys__bluetooth__common.a(log.c.obj)
                0x00003508                bt_addr_le_str_real
 .text.uuid_to_uuid128
                0x00003584       0x7c zephyr/subsys/bluetooth/host/libsubsys__bluetooth__host.a(uuid.c.obj)
 .text.ver_str  0x00003600       0x38 zephyr/subsys/bluetooth/host/libsubsys__bluetooth__host.a(hci_core.c.obj)
 .text.hci_data_buf_overflow
                0x00003638       0x2c zephyr/subsys/bluetooth/host/libsubsys__bluetooth__host.a(hci_core.c.obj)
 .text.le_data_len_change
                0x00003664       0x44 zephyr/subsys/bluetooth/host/libsubsys__bluetooth__host.a(hci_core.c.obj)
 .text.hci_vendor_event
                0x000036a8       0x40 zephyr/subsys/bluetooth/host/libsubsys__bluetooth__host.a(hci_core.c.obj)
 .text.hci_cmd_done
                0x000036e8      0x100 zephyr/subsys/bluetooth/host/libsubsys__bluetooth__host.a(hci_core.c.obj)
 .text.handle_event
                0x000037e8       0x94 zephyr/subsys/bluetooth/host/libsubsys__bluetooth__host.a(hci_core.c.obj)
 .text.hci_le_meta_event
                0x0000387c       0x20 zephyr/subsys/bluetooth/host/libsubsys__bluetooth__host.a(hci_core.c.obj)
 .text.find_pending_connect.part.19
                0x0000389c       0x30 zephyr/subsys/bluetooth/host/libsubsys__bluetooth__host.a(hci_core.c.obj)
 .text.id_find  0x000038cc       0x34 zephyr/subsys/bluetooth/host/libsubsys__bluetooth__host.a(hci_core.c.obj)
 .text.hci_rx_thread
                0x00003900      0x178 zephyr/subsys/bluetooth/host/libsubsys__bluetooth__host.a(hci_core.c.obj)
 .text.le_conn_update_complete
                0x00003a78       0xa8 zephyr/subsys/bluetooth/host/libsubsys__bluetooth__host.a(hci_core.c.obj)
 .text.hci_num_completed_packets
                0x00003b20      0x160 zephyr/subsys/bluetooth/host/libsubsys__bluetooth__host.a(hci_core.c.obj)
 .text.hci_cmd_status
                0x00003c80       0x2c zephyr/subsys/bluetooth/host/libsubsys__bluetooth__host.a(hci_core.c.obj)
 .text.hci_cmd_complete
                0x00003cac       0x30 zephyr/subsys/bluetooth/host/libsubsys__bluetooth__host.a(hci_core.c.obj)
 .text.bt_hci_cmd_create
                0x00003cdc       0x6c zephyr/subsys/bluetooth/host/libsubsys__bluetooth__host.a(hci_core.c.obj)
                0x00003cdc                bt_hci_cmd_create
 .text.bt_hci_cmd_send_sync
                0x00003d48       0x8c zephyr/subsys/bluetooth/host/libsubsys__bluetooth__host.a(hci_core.c.obj)
                0x00003d48                bt_hci_cmd_send_sync
 .text.set_random_address
                0x00003dd4       0x5c zephyr/subsys/bluetooth/host/libsubsys__bluetooth__host.a(hci_core.c.obj)
 .text.set_ad   0x00003e30       0xe0 zephyr/subsys/bluetooth/host/libsubsys__bluetooth__host.a(hci_core.c.obj)
 .text.le_adv_update
                0x00003f10       0x94 zephyr/subsys/bluetooth/host/libsubsys__bluetooth__host.a(hci_core.c.obj)
 .text.set_advertise_enable
                0x00003fa4       0x60 zephyr/subsys/bluetooth/host/libsubsys__bluetooth__host.a(hci_core.c.obj)
 .text.id_create.isra.23
                0x00004004       0x58 zephyr/subsys/bluetooth/host/libsubsys__bluetooth__host.a(hci_core.c.obj)
 .text.bt_send  0x0000405c       0x10 zephyr/subsys/bluetooth/host/libsubsys__bluetooth__host.a(hci_core.c.obj)
                0x0000405c                bt_send
 .text.bt_hci_cmd_send
                0x0000406c       0x6c zephyr/subsys/bluetooth/host/libsubsys__bluetooth__host.a(hci_core.c.obj)
                0x0000406c                bt_hci_cmd_send
 .text.report_completed_packet
                0x000040d8       0xf0 zephyr/subsys/bluetooth/host/libsubsys__bluetooth__host.a(hci_core.c.obj)
 .text.conn_auto_initiate
                0x000041c8      0x18c zephyr/subsys/bluetooth/host/libsubsys__bluetooth__host.a(hci_core.c.obj)
 .text.le_phy_update_complete
                0x00004354       0x70 zephyr/subsys/bluetooth/host/libsubsys__bluetooth__host.a(hci_core.c.obj)
 .text.le_remote_feat_complete
                0x000043c4       0x70 zephyr/subsys/bluetooth/host/libsubsys__bluetooth__host.a(hci_core.c.obj)
 .text.le_conn_param_neg_reply
                0x00004434       0x5c zephyr/subsys/bluetooth/host/libsubsys__bluetooth__host.a(hci_core.c.obj)
 .text.le_conn_param_req
                0x00004490       0xd8 zephyr/subsys/bluetooth/host/libsubsys__bluetooth__host.a(hci_core.c.obj)
 .text.hci_tx_thread
                0x00004568      0x188 zephyr/subsys/bluetooth/host/libsubsys__bluetooth__host.a(hci_core.c.obj)
 .text.bt_recv  0x000046f0       0x54 zephyr/subsys/bluetooth/host/libsubsys__bluetooth__host.a(hci_core.c.obj)
                0x000046f0                bt_recv
 .text.bt_recv_prio
                0x00004744       0xac zephyr/subsys/bluetooth/host/libsubsys__bluetooth__host.a(hci_core.c.obj)
                0x00004744                bt_recv_prio
 .text.bt_hci_driver_register
                0x000047f0       0x28 zephyr/subsys/bluetooth/host/libsubsys__bluetooth__host.a(hci_core.c.obj)
                0x000047f0                bt_hci_driver_register
 .text.bt_finalize_init
                0x00004818      0x110 zephyr/subsys/bluetooth/host/libsubsys__bluetooth__host.a(hci_core.c.obj)
                0x00004818                bt_finalize_init
 .text.bt_get_name
                0x00004928        0x8 zephyr/subsys/bluetooth/host/libsubsys__bluetooth__host.a(hci_core.c.obj)
                0x00004928                bt_get_name
 .text.bt_id_create
                0x00004930       0x94 zephyr/subsys/bluetooth/host/libsubsys__bluetooth__host.a(hci_core.c.obj)
                0x00004930                bt_id_create
 .text.bt_setup_public_id_addr
                0x000049c4       0xa8 zephyr/subsys/bluetooth/host/libsubsys__bluetooth__host.a(hci_core.c.obj)
                0x000049c4                bt_setup_public_id_addr
 .text.bt_setup_random_id_addr
                0x00004a6c      0x10c zephyr/subsys/bluetooth/host/libsubsys__bluetooth__host.a(hci_core.c.obj)
                0x00004a6c                bt_setup_random_id_addr
 .text.hci_init
                0x00004b78      0x58c zephyr/subsys/bluetooth/host/libsubsys__bluetooth__host.a(hci_core.c.obj)
 .text.bt_enable
                0x00005104      0x14c zephyr/subsys/bluetooth/host/libsubsys__bluetooth__host.a(hci_core.c.obj)
                0x00005104                bt_enable
 .text.init_work
                0x00005250       0x2c zephyr/subsys/bluetooth/host/libsubsys__bluetooth__host.a(hci_core.c.obj)
 .text.bt_le_adv_start_internal
                0x0000527c      0x2cc zephyr/subsys/bluetooth/host/libsubsys__bluetooth__host.a(hci_core.c.obj)
                0x0000527c                bt_le_adv_start_internal
 .text.bt_le_adv_resume
                0x00005548       0x80 zephyr/subsys/bluetooth/host/libsubsys__bluetooth__host.a(hci_core.c.obj)
                0x00005548                bt_le_adv_resume
 .text.hci_disconn_complete
                0x000055c8       0x84 zephyr/subsys/bluetooth/host/libsubsys__bluetooth__host.a(hci_core.c.obj)
 .text.enh_conn_complete
                0x0000564c      0x184 zephyr/subsys/bluetooth/host/libsubsys__bluetooth__host.a(hci_core.c.obj)
 .text.bt_buf_get_rx
                0x000057d0       0x2c zephyr/subsys/bluetooth/host/libsubsys__bluetooth__host.a(hci_core.c.obj)
                0x000057d0                bt_buf_get_rx
 .text.bt_buf_get_cmd_complete
                0x000057fc       0x4c zephyr/subsys/bluetooth/host/libsubsys__bluetooth__host.a(hci_core.c.obj)
                0x000057fc                bt_buf_get_cmd_complete
 .text.bt_buf_get_evt
                0x00005848       0x50 zephyr/subsys/bluetooth/host/libsubsys__bluetooth__host.a(hci_core.c.obj)
                0x00005848                bt_buf_get_evt
 .text.prng_reseed.constprop.1
                0x00005898       0x84 zephyr/subsys/bluetooth/host/libsubsys__bluetooth__host.a(crypto.c.obj)
 .text.prng_init
                0x0000591c       0x78 zephyr/subsys/bluetooth/host/libsubsys__bluetooth__host.a(crypto.c.obj)
                0x0000591c                prng_init
 .text.bt_rand  0x00005994       0x30 zephyr/subsys/bluetooth/host/libsubsys__bluetooth__host.a(crypto.c.obj)
                0x00005994                bt_rand
 .text.tx_free  0x000059c4       0x14 zephyr/subsys/bluetooth/host/libsubsys__bluetooth__host.a(conn.c.obj)
 .text.notify_connected
                0x000059d8       0x2c zephyr/subsys/bluetooth/host/libsubsys__bluetooth__host.a(conn.c.obj)
 .text.send_frag
                0x00005a04      0x134 zephyr/subsys/bluetooth/host/libsubsys__bluetooth__host.a(conn.c.obj)
 .text.conn_cleanup
                0x00005b38       0x40 zephyr/subsys/bluetooth/host/libsubsys__bluetooth__host.a(conn.c.obj)
 .text.bt_conn_get_pkts
                0x00005b78        0x8 zephyr/subsys/bluetooth/host/libsubsys__bluetooth__host.a(conn.c.obj)
                0x00005b78                bt_conn_get_pkts
 .text.notify_le_param_updated
                0x00005b80       0x60 zephyr/subsys/bluetooth/host/libsubsys__bluetooth__host.a(conn.c.obj)
                0x00005b80                notify_le_param_updated
 .text.le_param_req
                0x00005be0       0x40 zephyr/subsys/bluetooth/host/libsubsys__bluetooth__host.a(conn.c.obj)
                0x00005be0                le_param_req
 .text.bt_conn_cb_register
                0x00005c20       0x10 zephyr/subsys/bluetooth/host/libsubsys__bluetooth__host.a(conn.c.obj)
                0x00005c20                bt_conn_cb_register
 .text.bt_conn_recv
                0x00005c30      0x164 zephyr/subsys/bluetooth/host/libsubsys__bluetooth__host.a(conn.c.obj)
                0x00005c30                bt_conn_recv
 .text.bt_conn_send_cb
                0x00005d94       0xec zephyr/subsys/bluetooth/host/libsubsys__bluetooth__host.a(conn.c.obj)
                0x00005d94                bt_conn_send_cb
 .text.bt_conn_prepare_events
                0x00005e80       0x70 zephyr/subsys/bluetooth/host/libsubsys__bluetooth__host.a(conn.c.obj)
                0x00005e80                bt_conn_prepare_events
 .text.bt_conn_add_le
                0x00005ef0       0x74 zephyr/subsys/bluetooth/host/libsubsys__bluetooth__host.a(conn.c.obj)
                0x00005ef0                bt_conn_add_le
 .text.bt_conn_set_state
                0x00005f64      0x188 zephyr/subsys/bluetooth/host/libsubsys__bluetooth__host.a(conn.c.obj)
                0x00005f64                bt_conn_set_state
 .text.bt_conn_lookup_handle
                0x000060ec       0x34 zephyr/subsys/bluetooth/host/libsubsys__bluetooth__host.a(conn.c.obj)
                0x000060ec                bt_conn_lookup_handle
 .text.bt_conn_lookup_addr_le
                0x00006120       0x3c zephyr/subsys/bluetooth/host/libsubsys__bluetooth__host.a(conn.c.obj)
                0x00006120                bt_conn_lookup_addr_le
 .text.bt_conn_lookup_state_le
                0x0000615c       0x44 zephyr/subsys/bluetooth/host/libsubsys__bluetooth__host.a(conn.c.obj)
                0x0000615c                bt_conn_lookup_state_le
 .text.bt_conn_get_info
                0x000061a0       0x58 zephyr/subsys/bluetooth/host/libsubsys__bluetooth__host.a(conn.c.obj)
                0x000061a0                bt_conn_get_info
 .text.send_conn_le_param_update
                0x000061f8       0x60 zephyr/subsys/bluetooth/host/libsubsys__bluetooth__host.a(conn.c.obj)
 .text.conn_update_timeout
                0x00006258       0xa8 zephyr/subsys/bluetooth/host/libsubsys__bluetooth__host.a(conn.c.obj)
 .text.bt_conn_create_pdu_timeout
                0x00006300       0x54 zephyr/subsys/bluetooth/host/libsubsys__bluetooth__host.a(conn.c.obj)
                0x00006300                bt_conn_create_pdu_timeout
 .text.bt_conn_create_frag_timeout
                0x00006354       0x10 zephyr/subsys/bluetooth/host/libsubsys__bluetooth__host.a(conn.c.obj)
                0x00006354                bt_conn_create_frag_timeout
 .text.create_frag.isra.11
                0x00006364       0x68 zephyr/subsys/bluetooth/host/libsubsys__bluetooth__host.a(conn.c.obj)
 .text.bt_conn_process_tx
                0x000063cc       0xc8 zephyr/subsys/bluetooth/host/libsubsys__bluetooth__host.a(conn.c.obj)
                0x000063cc                bt_conn_process_tx
 .text.bt_conn_index
                0x00006494       0x18 zephyr/subsys/bluetooth/host/libsubsys__bluetooth__host.a(conn.c.obj)
                0x00006494                bt_conn_index
 .text.bt_conn_lookup_id
                0x000064ac       0x24 zephyr/subsys/bluetooth/host/libsubsys__bluetooth__host.a(conn.c.obj)
                0x000064ac                bt_conn_lookup_id
 .text.bt_conn_init
                0x000064d0       0x58 zephyr/subsys/bluetooth/host/libsubsys__bluetooth__host.a(conn.c.obj)
                0x000064d0                bt_conn_init
 .text.l2cap_accept
                0x00006528       0x4c zephyr/subsys/bluetooth/host/libsubsys__bluetooth__host.a(l2cap.c.obj)
 .text.l2cap_create_le_sig_pdu.isra.8
                0x00006574       0x58 zephyr/subsys/bluetooth/host/libsubsys__bluetooth__host.a(l2cap.c.obj)
 .text.l2cap_rtx_timeout
                0x000065cc       0x48 zephyr/subsys/bluetooth/host/libsubsys__bluetooth__host.a(l2cap.c.obj)
 .text.bt_l2cap_connected
                0x00006614       0xa4 zephyr/subsys/bluetooth/host/libsubsys__bluetooth__host.a(l2cap.c.obj)
                0x00006614                bt_l2cap_connected
 .text.l2cap_recv
                0x000066b8      0x10c zephyr/subsys/bluetooth/host/libsubsys__bluetooth__host.a(l2cap.c.obj)
 .text.bt_l2cap_recv
                0x000067c4       0x84 zephyr/subsys/bluetooth/host/libsubsys__bluetooth__host.a(l2cap.c.obj)
                0x000067c4                bt_l2cap_recv
 .text.bt_l2cap_update_conn_param
                0x00006848       0x5c zephyr/subsys/bluetooth/host/libsubsys__bluetooth__host.a(l2cap.c.obj)
                0x00006848                bt_l2cap_update_conn_param
 .text.bt_att_destroy
                0x000068a4       0x18 zephyr/subsys/bluetooth/host/libsubsys__bluetooth__host.a(att.c.obj)
                0x000068a4                bt_att_destroy
 .text.find_type_cb
                0x000068bc      0x114 zephyr/subsys/bluetooth/host/libsubsys__bluetooth__host.a(att.c.obj)
 .text.bt_att_connected
                0x000069d0       0x28 zephyr/subsys/bluetooth/host/libsubsys__bluetooth__host.a(att.c.obj)
 .text.att_send
                0x000069f8       0x88 zephyr/subsys/bluetooth/host/libsubsys__bluetooth__host.a(att.c.obj)
 .text.bt_att_accept
                0x00006a80       0x70 zephyr/subsys/bluetooth/host/libsubsys__bluetooth__host.a(att.c.obj)
 .text.att_chan_get
                0x00006af0       0x8c zephyr/subsys/bluetooth/host/libsubsys__bluetooth__host.a(att.c.obj)
 .text.att_req_sent
                0x00006b7c       0x30 zephyr/subsys/bluetooth/host/libsubsys__bluetooth__host.a(att.c.obj)
                0x00006b7c                att_req_sent
 .text.att_send_req
                0x00006bac       0x80 zephyr/subsys/bluetooth/host/libsubsys__bluetooth__host.a(att.c.obj)
 .text.att_write_cmd
                0x00006c2c       0x7c zephyr/subsys/bluetooth/host/libsubsys__bluetooth__host.a(att.c.obj)
 .text.bt_att_create_pdu
                0x00006ca8       0x9c zephyr/subsys/bluetooth/host/libsubsys__bluetooth__host.a(att.c.obj)
                0x00006ca8                bt_att_create_pdu
 .text.att_mtu_req
                0x00006d44       0x58 zephyr/subsys/bluetooth/host/libsubsys__bluetooth__host.a(att.c.obj)
 .text.send_err_rsp.part.10
                0x00006d9c       0x44 zephyr/subsys/bluetooth/host/libsubsys__bluetooth__host.a(att.c.obj)
 .text.bt_att_recv
                0x00006de0      0x16c zephyr/subsys/bluetooth/host/libsubsys__bluetooth__host.a(att.c.obj)
 .text.att_read_group_req
                0x00006f4c      0x108 zephyr/subsys/bluetooth/host/libsubsys__bluetooth__host.a(att.c.obj)
 .text.att_read_mult_req
                0x00007054       0x90 zephyr/subsys/bluetooth/host/libsubsys__bluetooth__host.a(att.c.obj)
 .text.att_read_rsp
                0x000070e4       0x98 zephyr/subsys/bluetooth/host/libsubsys__bluetooth__host.a(att.c.obj)
 .text.att_read_type_req
                0x0000717c       0xd0 zephyr/subsys/bluetooth/host/libsubsys__bluetooth__host.a(att.c.obj)
 .text.att_find_type_req
                0x0000724c       0xe8 zephyr/subsys/bluetooth/host/libsubsys__bluetooth__host.a(att.c.obj)
 .text.att_find_info_req
                0x00007334       0x7c zephyr/subsys/bluetooth/host/libsubsys__bluetooth__host.a(att.c.obj)
 .text.att_write_req
                0x000073b0       0xb8 zephyr/subsys/bluetooth/host/libsubsys__bluetooth__host.a(att.c.obj)
 .text.bt_att_req_alloc
                0x00007468       0x2c zephyr/subsys/bluetooth/host/libsubsys__bluetooth__host.a(att.c.obj)
                0x00007468                bt_att_req_alloc
 .text.bt_att_req_free
                0x00007494       0x18 zephyr/subsys/bluetooth/host/libsubsys__bluetooth__host.a(att.c.obj)
                0x00007494                bt_att_req_free
 .text.att_handle_rsp
                0x000074ac       0xb0 zephyr/subsys/bluetooth/host/libsubsys__bluetooth__host.a(att.c.obj)
 .text.att_timeout
                0x0000755c       0x44 zephyr/subsys/bluetooth/host/libsubsys__bluetooth__host.a(att.c.obj)
 .text.find_static_attr
                0x000075a0       0x48 zephyr/subsys/bluetooth/host/libsubsys__bluetooth__host.a(gatt.c.obj)
 .text.gatt_notify
                0x000075e8       0x7c zephyr/subsys/bluetooth/host/libsubsys__bluetooth__host.a(gatt.c.obj)
 .text.gatt_send.constprop.12
                0x00007664       0x80 zephyr/subsys/bluetooth/host/libsubsys__bluetooth__host.a(gatt.c.obj)
 .text.gatt_indicate
                0x000076e4       0x88 zephyr/subsys/bluetooth/host/libsubsys__bluetooth__host.a(gatt.c.obj)
 .text.find_sc_cfg
                0x0000776c       0x20 zephyr/subsys/bluetooth/host/libsubsys__bluetooth__host.a(gatt.c.obj)
 .text.find_cf_cfg
                0x0000778c       0x34 zephyr/subsys/bluetooth/host/libsubsys__bluetooth__host.a(gatt.c.obj)
 .text.sc_indicate_rsp
                0x000077c0       0x50 zephyr/subsys/bluetooth/host/libsubsys__bluetooth__host.a(gatt.c.obj)
 .text.bt_gatt_attr_write_ccc
                0x00007810       0xdc zephyr/subsys/bluetooth/host/libsubsys__bluetooth__host.a(gatt.c.obj)
                0x00007810                bt_gatt_attr_write_ccc
 .text.cf_write
                0x000078ec       0xb4 zephyr/subsys/bluetooth/host/libsubsys__bluetooth__host.a(gatt.c.obj)
 .text.read_ppcp
                0x000079a0       0x38 zephyr/subsys/bluetooth/host/libsubsys__bluetooth__host.a(gatt.c.obj)
 .text.sc_save  0x000079d8       0x7c zephyr/subsys/bluetooth/host/libsubsys__bluetooth__host.a(gatt.c.obj)
 .text.notify_cb
                0x00007a54       0xbc zephyr/subsys/bluetooth/host/libsubsys__bluetooth__host.a(gatt.c.obj)
 .text.disconnected_cb
                0x00007b10       0x98 zephyr/subsys/bluetooth/host/libsubsys__bluetooth__host.a(gatt.c.obj)
 .text.bt_gatt_init
                0x00007ba8       0x7c zephyr/subsys/bluetooth/host/libsubsys__bluetooth__host.a(gatt.c.obj)
                0x00007ba8                bt_gatt_init
 .text.bt_gatt_attr_value_handle
                0x00007c24       0x30 zephyr/subsys/bluetooth/host/libsubsys__bluetooth__host.a(gatt.c.obj)
                0x00007c24                bt_gatt_attr_value_handle
 .text.bt_gatt_foreach_attr_type
                0x00007c54       0xbc zephyr/subsys/bluetooth/host/libsubsys__bluetooth__host.a(gatt.c.obj)
                0x00007c54                bt_gatt_foreach_attr_type
 .text.db_hash_gen.isra.9
                0x00007d10       0xa0 zephyr/subsys/bluetooth/host/libsubsys__bluetooth__host.a(gatt.c.obj)
 .text.bt_gatt_attr_next
                0x00007db0       0x2c zephyr/subsys/bluetooth/host/libsubsys__bluetooth__host.a(gatt.c.obj)
                0x00007db0                bt_gatt_attr_next
 .text.bt_gatt_notify_cb
                0x00007ddc       0xf4 zephyr/subsys/bluetooth/host/libsubsys__bluetooth__host.a(gatt.c.obj)
                0x00007ddc                bt_gatt_notify_cb
 .text.bt_gatt_indicate
                0x00007ed0       0xf4 zephyr/subsys/bluetooth/host/libsubsys__bluetooth__host.a(gatt.c.obj)
                0x00007ed0                bt_gatt_indicate
 .text.sc_process
                0x00007fc4       0x60 zephyr/subsys/bluetooth/host/libsubsys__bluetooth__host.a(gatt.c.obj)
 .text.update_ccc
                0x00008024      0x100 zephyr/subsys/bluetooth/host/libsubsys__bluetooth__host.a(gatt.c.obj)
 .text.bt_gatt_connected
                0x00008124       0x20 zephyr/subsys/bluetooth/host/libsubsys__bluetooth__host.a(gatt.c.obj)
                0x00008124                bt_gatt_connected
 .text.db_hash_read
                0x00008144       0x64 zephyr/subsys/bluetooth/host/libsubsys__bluetooth__host.a(gatt.c.obj)
 .text.bt_gatt_disconnected
                0x000081a8       0x6c zephyr/subsys/bluetooth/host/libsubsys__bluetooth__host.a(gatt.c.obj)
                0x000081a8                bt_gatt_disconnected
 .text.bt_smp_accept
                0x00008214       0x4c zephyr/subsys/bluetooth/host/libsubsys__bluetooth__host.a(smp_null.c.obj)
 .text.net_buf_pool_get
                0x00008260        0xc zephyr/subsys/net/libsubsys__net.a(buf.c.obj)
                0x00008260                net_buf_pool_get
 .text.net_buf_id
                0x0000826c       0x1c zephyr/subsys/net/libsubsys__net.a(buf.c.obj)
                0x0000826c                net_buf_id
 .text.fixed_data_alloc
                0x00008288       0x2c zephyr/subsys/net/libsubsys__net.a(buf.c.obj)
 .text.net_buf_alloc_len
                0x000082b4       0xe4 zephyr/subsys/net/libsubsys__net.a(buf.c.obj)
                0x000082b4                net_buf_alloc_len
 .text.net_buf_unref
                0x00008398       0x5c zephyr/subsys/net/libsubsys__net.a(buf.c.obj)
                0x00008398                net_buf_unref
 .text.gpio_nrfx_init
                0x000083f4       0x30 zephyr/drivers/gpio/libdrivers__gpio.a(gpio_nrfx.c.obj)
 .text.nrf_gpio_cfg_sense_set
                0x00008424       0x2c zephyr/drivers/gpio/libdrivers__gpio.a(gpio_nrfx.c.obj)
 .text.gpiote_pin_int_cfg
                0x00008450      0x144 zephyr/drivers/gpio/libdrivers__gpio.a(gpio_nrfx.c.obj)
 .text.gpio_nrfx_config
                0x00008594      0x12c zephyr/drivers/gpio/libdrivers__gpio.a(gpio_nrfx.c.obj)
 .text.gpiote_event_handler
                0x000086c0       0xac zephyr/drivers/gpio/libdrivers__gpio.a(gpio_nrfx.c.obj)
 .text.vipm_nrf_1_register_callback
                0x0000876c        0xc zephyr/drivers/ipm/libdrivers__ipm.a(ipm_nrfx_ipc.c.obj)
 .text.vipm_nrf_init
                0x00008778       0x40 zephyr/drivers/ipm/libdrivers__ipm.a(ipm_nrfx_ipc.c.obj)
 .text.vipm_dispatcher
                0x000087b8       0x38 zephyr/drivers/ipm/libdrivers__ipm.a(ipm_nrfx_ipc.c.obj)
 .text.vipm_nrf_0_set_enabled
                0x000087f0       0x30 zephyr/drivers/ipm/libdrivers__ipm.a(ipm_nrfx_ipc.c.obj)
 .text.vipm_nrf_0_register_callback
                0x00008820       0x28 zephyr/drivers/ipm/libdrivers__ipm.a(ipm_nrfx_ipc.c.obj)
 .text.vipm_nrf_1_send
                0x00008848       0x30 zephyr/drivers/ipm/libdrivers__ipm.a(ipm_nrfx_ipc.c.obj)
 .text.vipm_nrf_0_send
                0x00008878       0x6c zephyr/drivers/ipm/libdrivers__ipm.a(ipm_nrfx_ipc.c.obj)
 .text.uarte_nrfx_configure
                0x000088e4      0x184 zephyr/drivers/serial/libdrivers__serial.a(uart_nrfx_uarte.c.obj)
 .text.uarte_0_init
                0x00008a68       0x6c zephyr/drivers/serial/libdrivers__serial.a(uart_nrfx_uarte.c.obj)
 .text.k_sys_fatal_error_handler
                0x00008ad4       0x34 modules/nrf/lib/fatal_error/lib..__nrf__lib__fatal_error.a(fatal_error.c.obj)
                0x00008ad4                k_sys_fatal_error_handler
 .text.nrf53_errata_42
                0x00008b08       0x1c modules/nordic/lib..__modules__hal__nordic.a(system_nrf5340_application.c.obj)
 .text.SystemCoreClockUpdate
                0x00008b24       0x20 modules/nordic/lib..__modules__hal__nordic.a(system_nrf5340_application.c.obj)
                0x00008b24                SystemCoreClockUpdate
 .text.SystemInit
                0x00008b44       0xd8 modules/nordic/lib..__modules__hal__nordic.a(system_nrf5340_application.c.obj)
                0x00008b44                SystemInit
 .text.nrfx_ipc_init
                0x00008c1c       0x30 modules/nordic/lib..__modules__hal__nordic.a(nrfx_ipc.c.obj)
                0x00008c1c                nrfx_ipc_init
 .text.nrfx_ipc_config_load
                0x00008c4c       0x40 modules/nordic/lib..__modules__hal__nordic.a(nrfx_ipc.c.obj)
                0x00008c4c                nrfx_ipc_config_load
 .text.nrfx_ipc_receive_event_enable
                0x00008c8c       0x14 modules/nordic/lib..__modules__hal__nordic.a(nrfx_ipc.c.obj)
                0x00008c8c                nrfx_ipc_receive_event_enable
 .text.nrfx_ipc_receive_event_disable
                0x00008ca0       0x14 modules/nordic/lib..__modules__hal__nordic.a(nrfx_ipc.c.obj)
                0x00008ca0                nrfx_ipc_receive_event_disable
 .text.nrfx_ipc_irq_handler
                0x00008cb4       0x40 modules/nordic/lib..__modules__hal__nordic.a(nrfx_ipc.c.obj)
                0x00008cb4                nrfx_ipc_irq_handler
 .text.metal_generic_dev_open
                0x00008cf4       0x40 modules/libmetal/libmetal/lib/libmetal.a(device.c.obj)
                0x00008cf4                metal_generic_dev_open
 .text.metal_bus_find
                0x00008d34       0x3c modules/libmetal/libmetal/lib/libmetal.a(device.c.obj)
                0x00008d34                metal_bus_find
 .text.metal_bus_register
                0x00008d70       0x68 modules/libmetal/libmetal/lib/libmetal.a(device.c.obj)
                0x00008d70                metal_bus_register
 .text.metal_register_generic_device
                0x00008dd8       0x40 modules/libmetal/libmetal/lib/libmetal.a(device.c.obj)
                0x00008dd8                metal_register_generic_device
 .text.metal_init
                0x00008e18       0x40 modules/libmetal/libmetal/lib/libmetal.a(init.c.obj)
                0x00008e18                metal_init
 .text.metal_sys_init
                0x00008e58       0x10 modules/libmetal/libmetal/lib/libmetal.a(init.c.obj)
                0x00008e58                metal_sys_init
 .text.metal_zephyr_log_handler
                0x00008e68       0x3c modules/libmetal/libmetal/lib/libmetal.a(log.c.obj)
                0x00008e68                metal_zephyr_log_handler
 .text.virtqueue_add_consumed_buffer
                0x00008ea4       0x30 modules/open-amp/open-amp/lib/libopen_amp.a(virtqueue.c.obj)
                0x00008ea4                virtqueue_add_consumed_buffer
 .text.rpmsg_send_offchannel_raw
                0x00008ed4       0x24 modules/open-amp/open-amp/lib/libopen_amp.a(rpmsg.c.obj)
                0x00008ed4                rpmsg_send_offchannel_raw
 .text.rpmsg_create_ept
                0x00008ef8       0xd4 modules/open-amp/open-amp/lib/libopen_amp.a(rpmsg.c.obj)
                0x00008ef8                rpmsg_create_ept
 .text.rpmsg_virtio_send_offchannel_raw
                0x00008fcc      0x174 modules/open-amp/open-amp/lib/libopen_amp.a(rpmsg_virtio.c.obj)
 .text.rpmsg_init_vdev
                0x00009140      0x1a4 modules/open-amp/open-amp/lib/libopen_amp.a(rpmsg_virtio.c.obj)
                0x00009140                rpmsg_init_vdev
 .text.z_sys_device_do_config_level
                0x000092e4       0x2c zephyr/kernel/libkernel.a(device.c.obj)
                0x000092e4                z_sys_device_do_config_level
 .text.z_impl_device_get_binding
                0x00009310       0x4c zephyr/kernel/libkernel.a(device.c.obj)
                0x00009310                z_impl_device_get_binding
 .text.z_fatal_error
                0x0000935c       0xcc zephyr/kernel/libkernel.a(fatal.c.obj)
                0x0000935c                z_fatal_error
 .text.idle     0x00009428       0x34 zephyr/kernel/libkernel.a(idle.c.obj)
                0x00009428                idle
 .text.z_bss_zero
                0x0000945c       0x14 zephyr/kernel/libkernel.a(init.c.obj)
                0x0000945c                z_bss_zero
 .text.z_data_copy
                0x00009470       0x34 zephyr/kernel/libkernel.a(init.c.obj)
                0x00009470                z_data_copy
 .text.bg_thread_main
                0x000094a4       0x48 zephyr/kernel/libkernel.a(init.c.obj)
 .text.z_cstart
                0x000094ec      0x108 zephyr/kernel/libkernel.a(init.c.obj)
                0x000094ec                z_cstart
 .text.init_mem_slab_module
                0x000095f4       0x44 zephyr/kernel/libkernel.a(mem_slab.c.obj)
 .text.k_mem_slab_alloc
                0x00009638       0x58 zephyr/kernel/libkernel.a(mem_slab.c.obj)
                0x00009638                k_mem_slab_alloc
 .text.k_mem_slab_free
                0x00009690       0x5c zephyr/kernel/libkernel.a(mem_slab.c.obj)
                0x00009690                k_mem_slab_free
 .text.init_static_pools
                0x000096ec       0x28 zephyr/kernel/libkernel.a(mempool.c.obj)
                0x000096ec                init_static_pools
 .text.k_mem_pool_alloc
                0x00009714       0x98 zephyr/kernel/libkernel.a(mempool.c.obj)
                0x00009714                k_mem_pool_alloc
 .text.k_mem_pool_free_id
                0x000097ac       0x58 zephyr/kernel/libkernel.a(mempool.c.obj)
                0x000097ac                k_mem_pool_free_id
 .text.k_malloc
                0x00009804        0xc zephyr/kernel/libkernel.a(mempool.c.obj)
                0x00009804                k_malloc
 .text.z_thread_malloc
                0x00009810       0x2c zephyr/kernel/libkernel.a(mempool.c.obj)
                0x00009810                z_thread_malloc
 .text.z_reset_time_slice
                0x0000983c       0x2c zephyr/kernel/libkernel.a(sched.c.obj)
                0x0000983c                z_reset_time_slice
 .text.k_sched_time_slice_set
                0x00009868       0x58 zephyr/kernel/libkernel.a(sched.c.obj)
                0x00009868                k_sched_time_slice_set
 .text.k_sched_lock
                0x000098c0       0x28 zephyr/kernel/libkernel.a(sched.c.obj)
                0x000098c0                k_sched_lock
 .text.z_priq_dumb_remove
                0x000098e8       0x2c zephyr/kernel/libkernel.a(sched.c.obj)
                0x000098e8                z_priq_dumb_remove
 .text.update_cache
                0x00009914       0x3c zephyr/kernel/libkernel.a(sched.c.obj)
 .text.k_sched_unlock
                0x00009950       0x38 zephyr/kernel/libkernel.a(sched.c.obj)
                0x00009950                k_sched_unlock
 .text.z_add_thread_to_ready_q
                0x00009988       0x6c zephyr/kernel/libkernel.a(sched.c.obj)
                0x00009988                z_add_thread_to_ready_q
 .text.z_move_thread_to_end_of_prio_q
                0x000099f4       0x88 zephyr/kernel/libkernel.a(sched.c.obj)
                0x000099f4                z_move_thread_to_end_of_prio_q
 .text.z_time_slice
                0x00009a7c       0x6c zephyr/kernel/libkernel.a(sched.c.obj)
                0x00009a7c                z_time_slice
 .text.z_thread_single_suspend
                0x00009ae8       0x68 zephyr/kernel/libkernel.a(sched.c.obj)
                0x00009ae8                z_thread_single_suspend
 .text.z_thread_single_abort
                0x00009b50       0x88 zephyr/kernel/libkernel.a(sched.c.obj)
                0x00009b50                z_thread_single_abort
 .text.z_remove_thread_from_ready_q
                0x00009bd8       0x4c zephyr/kernel/libkernel.a(sched.c.obj)
                0x00009bd8                z_remove_thread_from_ready_q
 .text.pend     0x00009c24       0x88 zephyr/kernel/libkernel.a(sched.c.obj)
 .text.z_pend_curr_irqlock
                0x00009cac       0x48 zephyr/kernel/libkernel.a(sched.c.obj)
                0x00009cac                z_pend_curr_irqlock
 .text.z_pend_curr
                0x00009cf4       0x28 zephyr/kernel/libkernel.a(sched.c.obj)
                0x00009cf4                z_pend_curr
 .text.z_tick_sleep.part.19
                0x00009d1c       0x5c zephyr/kernel/libkernel.a(sched.c.obj)
 .text.z_sched_init
                0x00009d78       0x18 zephyr/kernel/libkernel.a(sched.c.obj)
                0x00009d78                z_sched_init
 .text.z_impl_k_yield
                0x00009d90       0x98 zephyr/kernel/libkernel.a(sched.c.obj)
                0x00009d90                z_impl_k_yield
 .text.z_impl_k_sleep
                0x00009e28       0x50 zephyr/kernel/libkernel.a(sched.c.obj)
                0x00009e28                z_impl_k_sleep
 .text.z_impl_k_current_get
                0x00009e78        0xc zephyr/kernel/libkernel.a(sched.c.obj)
                0x00009e78                z_impl_k_current_get
 .text.z_impl_k_sem_give
                0x00009e84       0x58 zephyr/kernel/libkernel.a(sem.c.obj)
                0x00009e84                z_impl_k_sem_give
 .text.z_impl_k_sem_take
                0x00009edc       0x48 zephyr/kernel/libkernel.a(sem.c.obj)
                0x00009edc                z_impl_k_sem_take
 .text.k_sys_work_q_init
                0x00009f24       0x30 zephyr/kernel/libkernel.a(system_work_q.c.obj)
 .text.z_impl_k_thread_start
                0x00009f54       0x48 zephyr/kernel/libkernel.a(thread.c.obj)
                0x00009f54                z_impl_k_thread_start
 .text.z_setup_new_thread
                0x00009f9c       0x30 zephyr/kernel/libkernel.a(thread.c.obj)
                0x00009f9c                z_setup_new_thread
 .text.z_impl_k_thread_create
                0x00009fcc       0x60 zephyr/kernel/libkernel.a(thread.c.obj)
                0x00009fcc                z_impl_k_thread_create
 .text.z_impl_k_thread_suspend
                0x0000a02c       0x40 zephyr/kernel/libkernel.a(thread.c.obj)
                0x0000a02c                z_impl_k_thread_suspend
 .text.z_init_static_threads
                0x0000a06c       0xb4 zephyr/kernel/libkernel.a(thread.c.obj)
                0x0000a06c                z_init_static_threads
 .text.k_work_q_start
                0x0000a120       0x48 zephyr/kernel/libkernel.a(work_q.c.obj)
                0x0000a120                k_work_q_start
 .text.k_delayed_work_submit_to_queue
                0x0000a168       0x88 zephyr/kernel/libkernel.a(work_q.c.obj)
                0x0000a168                k_delayed_work_submit_to_queue
 .text.elapsed  0x0000a1f0       0x14 zephyr/kernel/libkernel.a(timeout.c.obj)
 .text.remove_timeout
                0x0000a204       0x28 zephyr/kernel/libkernel.a(timeout.c.obj)
 .text.next_timeout
                0x0000a22c       0x38 zephyr/kernel/libkernel.a(timeout.c.obj)
 .text.z_add_timeout
                0x0000a264       0x84 zephyr/kernel/libkernel.a(timeout.c.obj)
                0x0000a264                z_add_timeout
 .text.z_timeout_remaining
                0x0000a2e8       0x54 zephyr/kernel/libkernel.a(timeout.c.obj)
                0x0000a2e8                z_timeout_remaining
 .text.z_clock_announce
                0x0000a33c       0xac zephyr/kernel/libkernel.a(timeout.c.obj)
                0x0000a33c                z_clock_announce
 .text.z_tick_get
                0x0000a3e8       0x3c zephyr/kernel/libkernel.a(timeout.c.obj)
                0x0000a3e8                z_tick_get
 .text.z_timer_expiration_handler
                0x0000a424       0x48 zephyr/kernel/libkernel.a(timer.c.obj)
                0x0000a424                z_timer_expiration_handler
 .text.z_impl_k_timer_start
                0x0000a46c       0x5c zephyr/kernel/libkernel.a(timer.c.obj)
                0x0000a46c                z_impl_k_timer_start
 .text.k_poll_event_init
                0x0000a4c8       0x28 zephyr/kernel/libkernel.a(poll.c.obj)
                0x0000a4c8                k_poll_event_init
 .text.z_impl_k_poll
                0x0000a4f0       0xa8 zephyr/kernel/libkernel.a(poll.c.obj)
                0x0000a4f0                z_impl_k_poll
 .text.z_impl_k_poll_signal_raise
                0x0000a598       0x50 zephyr/kernel/libkernel.a(poll.c.obj)
                0x0000a598                z_impl_k_poll_signal_raise
 .text.le_param_req
                0x0000a5e8        0x4 app/libapp.a(main.c.obj)
 .text.get_bit_ptr
                0x0000a5ec       0x2e zephyr/libzephyr.a(mempool.c.obj)
 .text.pool_irq_lock.isra.2.part.3
                0x0000a61a       0x12 zephyr/libzephyr.a(mempool.c.obj)
 .text.pool_irq_unlock.isra.4
                0x0000a62c        0xe zephyr/libzephyr.a(mempool.c.obj)
 .text.z_sys_mem_pool_base_init
                0x0000a63a       0x8c zephyr/libzephyr.a(mempool.c.obj)
                0x0000a63a                z_sys_mem_pool_base_init
 .text.z_sys_mem_pool_block_alloc
                0x0000a6c6      0x164 zephyr/libzephyr.a(mempool.c.obj)
                0x0000a6c6                z_sys_mem_pool_block_alloc
 .text.z_sys_mem_pool_block_free
                0x0000a82a      0x134 zephyr/libzephyr.a(mempool.c.obj)
                0x0000a82a                z_sys_mem_pool_block_free
 .text.arch_printk_char_out
                0x0000a95e        0x4 zephyr/libzephyr.a(printk.c.obj)
                0x0000a95e                arch_printk_char_out
 .text.print_err
                0x0000a962       0x1c zephyr/libzephyr.a(printk.c.obj)
 .text.str_out  0x0000a97e       0x26 zephyr/libzephyr.a(printk.c.obj)
 .text.z_vprintk
                0x0000a9a4      0x2e0 zephyr/libzephyr.a(printk.c.obj)
                0x0000a9a4                z_vprintk
 .text.printk   0x0000ac84       0x1a zephyr/libzephyr.a(printk.c.obj)
                0x0000ac84                printk
 .text.snprintk
                0x0000ac9e       0x1a zephyr/libzephyr.a(printk.c.obj)
                0x0000ac9e                snprintk
 .text.z_thread_entry
                0x0000acb8       0x14 zephyr/libzephyr.a(thread_entry.c.obj)
                0x0000acb8                z_thread_entry
 .text.z_work_q_main
                0x0000accc       0x36 zephyr/libzephyr.a(work_q.c.obj)
                0x0000accc                z_work_q_main
 .text._ConfigAbsSyms
                0x0000ad02        0x2 zephyr/libzephyr.a(configs.c.obj)
                0x0000ad02                _ConfigAbsSyms
 .text.z_platform_init
                0x0000ad04        0x4 zephyr/libzephyr.a(soc.c.obj)
                0x0000ad04                z_platform_init
 .text._copy    0x0000ad08       0x1a zephyr/libzephyr.a(utils.c.obj)
                0x0000ad08                _copy
 .text._set     0x0000ad22        0x4 zephyr/libzephyr.a(utils.c.obj)
                0x0000ad22                _set
 .text._double_byte
                0x0000ad26       0x12 zephyr/libzephyr.a(utils.c.obj)
                0x0000ad26                _double_byte
 .text.add_round_key
                0x0000ad38       0x8a zephyr/libzephyr.a(aes_encrypt.c.obj)
 .text.shift_rows
                0x0000adc2       0x72 zephyr/libzephyr.a(aes_encrypt.c.obj)
 .text.mult_row_column
                0x0000ae34       0x80 zephyr/libzephyr.a(aes_encrypt.c.obj)
 .text.gf_double
                0x0000aeb4       0x2a zephyr/libzephyr.a(cmac_mode.c.obj)
                0x0000aeb4                gf_double
 .text.tc_cmac_erase
                0x0000aede       0x10 zephyr/libzephyr.a(cmac_mode.c.obj)
                0x0000aede                tc_cmac_erase
 .text.tc_cmac_init
                0x0000aeee       0x2c zephyr/libzephyr.a(cmac_mode.c.obj)
                0x0000aeee                tc_cmac_init
 .text.tc_cmac_setup
                0x0000af1a       0x56 zephyr/libzephyr.a(cmac_mode.c.obj)
                0x0000af1a                tc_cmac_setup
 .text.tc_cmac_update
                0x0000af70       0xd4 zephyr/libzephyr.a(cmac_mode.c.obj)
                0x0000af70                tc_cmac_update
 .text.tc_cmac_final
                0x0000b044       0x6a zephyr/libzephyr.a(cmac_mode.c.obj)
                0x0000b044                tc_cmac_final
 .text.tc_sha256_update
                0x0000b0ae       0x58 zephyr/libzephyr.a(sha256.c.obj)
                0x0000b0ae                tc_sha256_update
 .text.tc_sha256_final
                0x0000b106       0xba zephyr/libzephyr.a(sha256.c.obj)
                0x0000b106                tc_sha256_final
 .text.rekey    0x0000b1c0       0x3a zephyr/libzephyr.a(hmac.c.obj)
 .text.tc_hmac_set_key
                0x0000b1fa       0x68 zephyr/libzephyr.a(hmac.c.obj)
                0x0000b1fa                tc_hmac_set_key
 .text.tc_hmac_init
                0x0000b262       0x1a zephyr/libzephyr.a(hmac.c.obj)
                0x0000b262                tc_hmac_init
 .text.tc_hmac_update
                0x0000b27c        0xc zephyr/libzephyr.a(hmac.c.obj)
                0x0000b27c                tc_hmac_update
 .text.tc_hmac_final
                0x0000b288       0x50 zephyr/libzephyr.a(hmac.c.obj)
                0x0000b288                tc_hmac_final
 .text.update   0x0000b2d8      0x122 zephyr/libzephyr.a(hmac_prng.c.obj)
 .text.tc_hmac_prng_init
                0x0000b3fa       0x40 zephyr/libzephyr.a(hmac_prng.c.obj)
                0x0000b3fa                tc_hmac_prng_init
 .text.tc_hmac_prng_reseed
                0x0000b43a       0x32 zephyr/libzephyr.a(hmac_prng.c.obj)
                0x0000b43a                tc_hmac_prng_reseed
 .text.tc_hmac_prng_generate
                0x0000b46c       0x8e zephyr/libzephyr.a(hmac_prng.c.obj)
                0x0000b46c                tc_hmac_prng_generate
 .text.log_list_init
                0x0000b4fa        0x8 zephyr/libzephyr.a(log_list.c.obj)
                0x0000b4fa                log_list_init
 .text.log_list_add_tail
                0x0000b502       0x14 zephyr/libzephyr.a(log_list.c.obj)
                0x0000b502                log_list_add_tail
 .text.log_list_head_peek
                0x0000b516        0x4 zephyr/libzephyr.a(log_list.c.obj)
                0x0000b516                log_list_head_peek
 .text.log_list_head_get
                0x0000b51a        0xc zephyr/libzephyr.a(log_list.c.obj)
                0x0000b51a                log_list_head_get
 .text.z_log_msg_std_alloc
                0x0000b526       0x12 zephyr/libzephyr.a(log_core.c.obj)
 .text.k_cycle_get_32_wrapper
                0x0000b538        0x4 zephyr/libzephyr.a(log_core.c.obj)
 .text.dummy_timestamp
                0x0000b53c        0x4 zephyr/libzephyr.a(log_core.c.obj)
 .text.z_log_get_s_mask
                0x0000b540       0x40 zephyr/libzephyr.a(log_core.c.obj)
                0x0000b540                z_log_get_s_mask
 .text.log_0    0x0000b580       0x1a zephyr/libzephyr.a(log_core.c.obj)
                0x0000b580                log_0
 .text.log_1    0x0000b59a       0x28 zephyr/libzephyr.a(log_core.c.obj)
                0x0000b59a                log_1
 .text.log_2    0x0000b5c2       0x30 zephyr/libzephyr.a(log_core.c.obj)
                0x0000b5c2                log_2
 .text.log_3    0x0000b5f2       0x36 zephyr/libzephyr.a(log_core.c.obj)
                0x0000b5f2                log_3
 .text.log_n    0x0000b628       0x16 zephyr/libzephyr.a(log_core.c.obj)
                0x0000b628                log_n
 .text.log_msg_hexdump_data_op
                0x0000b63e       0xa4 zephyr/libzephyr.a(log_msg.c.obj)
 .text.log_msg_get
                0x0000b6e2       0x12 zephyr/libzephyr.a(log_msg.c.obj)
                0x0000b6e2                log_msg_get
 .text.log_msg_nargs_get
                0x0000b6f4        0x6 zephyr/libzephyr.a(log_msg.c.obj)
                0x0000b6f4                log_msg_nargs_get
 .text.log_msg_arg_get
                0x0000b6fa       0x3a zephyr/libzephyr.a(log_msg.c.obj)
                0x0000b6fa                log_msg_arg_get
 .text.log_msg_put
                0x0000b734       0x1e zephyr/libzephyr.a(log_msg.c.obj)
                0x0000b734                log_msg_put
 .text.log_msg_str_get
                0x0000b752        0x4 zephyr/libzephyr.a(log_msg.c.obj)
                0x0000b752                log_msg_str_get
 .text.log_msg_create_n
                0x0000b756       0xa8 zephyr/libzephyr.a(log_msg.c.obj)
                0x0000b756                log_msg_create_n
 .text.log_msg_hexdump_data_get
                0x0000b7fe        0xe zephyr/libzephyr.a(log_msg.c.obj)
                0x0000b7fe                log_msg_hexdump_data_get
 .text.buffer_write
                0x0000b80c       0x1a zephyr/libzephyr.a(log_output.c.obj)
 .text.std_print
                0x0000b826      0x2ba zephyr/libzephyr.a(log_output.c.obj)
 .text.log_output_flush
                0x0000bae0       0x1a zephyr/libzephyr.a(log_output.c.obj)
                0x0000bae0                log_output_flush
 .text.out_func
                0x0000bafa       0x2e zephyr/libzephyr.a(log_output.c.obj)
 .text.char_out
                0x0000bb28       0x20 zephyr/libzephyr.a(log_backend_uart.c.obj)
 .text.get_status
                0x0000bb48       0x1c zephyr/libzephyr.a(nrf_power_clock.c.obj)
 .text.clock_stop
                0x0000bb64       0x7c zephyr/libzephyr.a(nrf_power_clock.c.obj)
 .text.clkstarted_handle
                0x0000bbe0       0x46 zephyr/libzephyr.a(nrf_power_clock.c.obj)
 .text.clock_async_start
                0x0000bc26       0xde zephyr/libzephyr.a(nrf_power_clock.c.obj)
 .text.clock_start
                0x0000bd04        0x6 zephyr/libzephyr.a(nrf_power_clock.c.obj)
 .text.clk_init
                0x0000bd0a       0x34 zephyr/libzephyr.a(nrf_power_clock.c.obj)
 .text.bt_rpmsg_open
                0x0000bd3e        0x4 zephyr/libzephyr.a(rpmsg.c.obj)
 .text.virtio_get_status
                0x0000bd42        0x4 zephyr/libzephyr.a(rpmsg_nrf53.c.obj)
 .text.virtio_get_features
                0x0000bd46        0x4 zephyr/libzephyr.a(rpmsg_nrf53.c.obj)
 .text.virtio_set_features
                0x0000bd4a        0x2 zephyr/libzephyr.a(rpmsg_nrf53.c.obj)
 .text.rpmsg_service_unbind
                0x0000bd4c        0x4 zephyr/libzephyr.a(rpmsg_nrf53.c.obj)
 .text.endpoint_cb
                0x0000bd50        0xe zephyr/libzephyr.a(rpmsg_nrf53.c.obj)
 .text.z_clock_isr
                0x0000bd5e        0x2 zephyr/libzephyr.a(sys_clock_init.c.obj)
                0x0000bd5e                z_clock_isr
 .text.z_clock_idle_exit
                0x0000bd60        0x2 zephyr/libzephyr.a(sys_clock_init.c.obj)
                0x0000bd60                z_clock_idle_exit
 .text.z_irq_spurious
                0x0000bd62        0x4 zephyr/arch/arch/arm/core/aarch32/libarch__arm__core__aarch32.a(irq_manage.c.obj)
                0x0000bd62                z_irq_spurious
 .text.z_do_kernel_oops
                0x0000bd66        0x8 zephyr/arch/arch/arm/core/aarch32/libarch__arm__core__aarch32.a(fatal.c.obj)
                0x0000bd66                z_do_kernel_oops
 .text.z_arm_nmi
                0x0000bd6e        0xe zephyr/arch/arch/arm/core/aarch32/libarch__arm__core__aarch32.a(nmi.c.obj)
                0x0000bd6e                z_arm_nmi
 .text.z_arm_configure_dynamic_mpu_regions
                0x0000bd7c       0x10 zephyr/arch/arch/arm/core/aarch32/cortex_m/mpu/libarch__arm__core__aarch32__cortex_m__mpu.a(arm_core_mpu.c.obj)
                0x0000bd7c                z_arm_configure_dynamic_mpu_regions
 .text.mpu_configure_region
                0x0000bd8c       0x46 zephyr/arch/arch/arm/core/aarch32/cortex_m/mpu/libarch__arm__core__aarch32__cortex_m__mpu.a(arm_mpu.c.obj)
 .text.arm_cmse_mpu_region_get
                0x0000bdd2       0x12 zephyr/arch/arch/arm/core/aarch32/cortex_m/cmse/libarch__arm__core__aarch32__cortex_m__cmse.a(arm_core_cmse.c.obj)
                0x0000bdd2                arm_cmse_mpu_region_get
 .text.strcpy   0x0000bde4       0x14 zephyr/lib/libc/minimal/liblib__libc__minimal.a(string.c.obj)
                0x0000bde4                strcpy
 .text.strncpy  0x0000bdf8       0x26 zephyr/lib/libc/minimal/liblib__libc__minimal.a(string.c.obj)
                0x0000bdf8                strncpy
 .text.strchr   0x0000be1e       0x1c zephyr/lib/libc/minimal/liblib__libc__minimal.a(string.c.obj)
                0x0000be1e                strchr
 .text.strlen   0x0000be3a        0xe zephyr/lib/libc/minimal/liblib__libc__minimal.a(string.c.obj)
                0x0000be3a                strlen
 .text.strcmp   0x0000be48       0x18 zephyr/lib/libc/minimal/liblib__libc__minimal.a(string.c.obj)
                0x0000be48                strcmp
 .text.strncmp  0x0000be60       0x1e zephyr/lib/libc/minimal/liblib__libc__minimal.a(string.c.obj)
                0x0000be60                strncmp
 .text.memcmp   0x0000be7e       0x20 zephyr/lib/libc/minimal/liblib__libc__minimal.a(string.c.obj)
                0x0000be7e                memcmp
 .text.memcpy   0x0000be9e       0x54 zephyr/lib/libc/minimal/liblib__libc__minimal.a(string.c.obj)
                0x0000be9e                memcpy
 .text.memset   0x0000bef2       0x44 zephyr/lib/libc/minimal/liblib__libc__minimal.a(string.c.obj)
                0x0000bef2                memset
 .text._to_x    0x0000bf36       0x44 zephyr/lib/libc/minimal/liblib__libc__minimal.a(prf.c.obj)
 .text._rlrshift
                0x0000bf7a       0x22 zephyr/lib/libc/minimal/liblib__libc__minimal.a(prf.c.obj)
 .text._ldiv5   0x0000bf9c       0x56 zephyr/lib/libc/minimal/liblib__libc__minimal.a(prf.c.obj)
 .text._get_digit
                0x0000bff2       0x2e zephyr/lib/libc/minimal/liblib__libc__minimal.a(prf.c.obj)
 .text._stdout_hook_default
                0x0000c020        0x6 zephyr/lib/libc/minimal/liblib__libc__minimal.a(stdout_console.c.obj)
 .text.sprintf_out
                0x0000c026       0x1a zephyr/lib/libc/minimal/liblib__libc__minimal.a(sprintf.c.obj)
 .text.bt_uuid_cmp
                0x0000c040       0x54 zephyr/subsys/bluetooth/host/libsubsys__bluetooth__host.a(uuid.c.obj)
                0x0000c040                bt_uuid_cmp
 .text.bt_uuid_create
                0x0000c094       0x50 zephyr/subsys/bluetooth/host/libsubsys__bluetooth__host.a(uuid.c.obj)
                0x0000c094                bt_uuid_create
 .text.bt_addr_le_copy
                0x0000c0e4        0x6 zephyr/subsys/bluetooth/host/libsubsys__bluetooth__host.a(hci_core.c.obj)
 .text.atomic_and
                0x0000c0ea       0x16 zephyr/subsys/bluetooth/host/libsubsys__bluetooth__host.a(hci_core.c.obj)
 .text.atomic_set_bit_to
                0x0000c100       0x2c zephyr/subsys/bluetooth/host/libsubsys__bluetooth__host.a(hci_core.c.obj)
 .text.atomic_test_bit
                0x0000c12c        0xc zephyr/subsys/bluetooth/host/libsubsys__bluetooth__host.a(hci_core.c.obj)
 .text.le_set_private_addr.isra.21
                0x0000c138       0x24 zephyr/subsys/bluetooth/host/libsubsys__bluetooth__host.a(hci_core.c.obj)
 .text.bt_le_conn_params_valid
                0x0000c15c       0x40 zephyr/subsys/bluetooth/host/libsubsys__bluetooth__host.a(hci_core.c.obj)
                0x0000c15c                bt_le_conn_params_valid
 .text.bt_addr_le_create_static
                0x0000c19c       0x1c zephyr/subsys/bluetooth/host/libsubsys__bluetooth__host.a(hci_core.c.obj)
                0x0000c19c                bt_addr_le_create_static
 .text.bt_hci_disconnect
                0x0000c1b8       0x34 zephyr/subsys/bluetooth/host/libsubsys__bluetooth__host.a(hci_core.c.obj)
                0x0000c1b8                bt_hci_disconnect
 .text.bt_addr_le_is_bonded
                0x0000c1ec        0x4 zephyr/subsys/bluetooth/host/libsubsys__bluetooth__host.a(hci_core.c.obj)
                0x0000c1ec                bt_addr_le_is_bonded
 .text.bt_le_adv_start
                0x0000c1f0       0x1e zephyr/subsys/bluetooth/host/libsubsys__bluetooth__host.a(hci_core.c.obj)
                0x0000c1f0                bt_le_adv_start
 .text.le_enh_conn_complete
                0x0000c20e        0x6 zephyr/subsys/bluetooth/host/libsubsys__bluetooth__host.a(hci_core.c.obj)
 .text.le_legacy_conn_complete
                0x0000c214       0x72 zephyr/subsys/bluetooth/host/libsubsys__bluetooth__host.a(hci_core.c.obj)
 .text.atomic_get
                0x0000c286        0x6 zephyr/subsys/bluetooth/host/libsubsys__bluetooth__host.a(conn.c.obj)
 .text.atomic_test_bit
                0x0000c28c        0xe zephyr/subsys/bluetooth/host/libsubsys__bluetooth__host.a(conn.c.obj)
 .text.bt_conn_reset_rx_state
                0x0000c29a       0x16 zephyr/subsys/bluetooth/host/libsubsys__bluetooth__host.a(conn.c.obj)
 .text.atomic_dec
                0x0000c2b0       0x12 zephyr/subsys/bluetooth/host/libsubsys__bluetooth__host.a(conn.c.obj)
 .text.atomic_inc
                0x0000c2c2       0x12 zephyr/subsys/bluetooth/host/libsubsys__bluetooth__host.a(conn.c.obj)
 .text.tx_notify
                0x0000c2d4       0x46 zephyr/subsys/bluetooth/host/libsubsys__bluetooth__host.a(conn.c.obj)
 .text.tx_complete_work
                0x0000c31a        0x6 zephyr/subsys/bluetooth/host/libsubsys__bluetooth__host.a(conn.c.obj)
 .text.bt_conn_get_security
                0x0000c320        0x4 zephyr/subsys/bluetooth/host/libsubsys__bluetooth__host.a(conn.c.obj)
                0x0000c320                bt_conn_get_security
 .text.bt_conn_addr_le_cmp
                0x0000c324       0x30 zephyr/subsys/bluetooth/host/libsubsys__bluetooth__host.a(conn.c.obj)
                0x0000c324                bt_conn_addr_le_cmp
 .text.bt_conn_unref
                0x0000c354        0x6 zephyr/subsys/bluetooth/host/libsubsys__bluetooth__host.a(conn.c.obj)
                0x0000c354                bt_conn_unref
 .text.bt_conn_get_dst
                0x0000c35a        0x4 zephyr/subsys/bluetooth/host/libsubsys__bluetooth__host.a(conn.c.obj)
                0x0000c35a                bt_conn_get_dst
 .text.bt_conn_le_conn_update
                0x0000c35e       0x50 zephyr/subsys/bluetooth/host/libsubsys__bluetooth__host.a(conn.c.obj)
                0x0000c35e                bt_conn_le_conn_update
 .text.l2cap_connected
                0x0000c3ae        0x2 zephyr/subsys/bluetooth/host/libsubsys__bluetooth__host.a(l2cap.c.obj)
 .text.l2cap_disconnected
                0x0000c3b0        0x2 zephyr/subsys/bluetooth/host/libsubsys__bluetooth__host.a(l2cap.c.obj)
 .text.bt_l2cap_chan_remove
                0x0000c3b2       0x40 zephyr/subsys/bluetooth/host/libsubsys__bluetooth__host.a(l2cap.c.obj)
                0x0000c3b2                bt_l2cap_chan_remove
 .text.bt_l2cap_chan_del
                0x0000c3f2       0x22 zephyr/subsys/bluetooth/host/libsubsys__bluetooth__host.a(l2cap.c.obj)
                0x0000c3f2                bt_l2cap_chan_del
 .text.bt_l2cap_disconnected
                0x0000c414       0x26 zephyr/subsys/bluetooth/host/libsubsys__bluetooth__host.a(l2cap.c.obj)
                0x0000c414                bt_l2cap_disconnected
 .text.bt_l2cap_create_pdu_timeout
                0x0000c43a        0x6 zephyr/subsys/bluetooth/host/libsubsys__bluetooth__host.a(l2cap.c.obj)
                0x0000c43a                bt_l2cap_create_pdu_timeout
 .text.bt_l2cap_send_cb
                0x0000c440       0x32 zephyr/subsys/bluetooth/host/libsubsys__bluetooth__host.a(l2cap.c.obj)
                0x0000c440                bt_l2cap_send_cb
 .text.bt_l2cap_le_lookup_tx_cid
                0x0000c472       0x16 zephyr/subsys/bluetooth/host/libsubsys__bluetooth__host.a(l2cap.c.obj)
                0x0000c472                bt_l2cap_le_lookup_tx_cid
 .text.bt_l2cap_le_lookup_rx_cid
                0x0000c488       0x14 zephyr/subsys/bluetooth/host/libsubsys__bluetooth__host.a(l2cap.c.obj)
                0x0000c488                bt_l2cap_le_lookup_rx_cid
 .text.bt_l2cap_init
                0x0000c49c        0x2 zephyr/subsys/bluetooth/host/libsubsys__bluetooth__host.a(l2cap.c.obj)
                0x0000c49c                bt_l2cap_init
 .text.att_prepare_write_req
                0x0000c49e        0x4 zephyr/subsys/bluetooth/host/libsubsys__bluetooth__host.a(att.c.obj)
 .text.att_op_get_type
                0x0000c4a2       0x9a zephyr/subsys/bluetooth/host/libsubsys__bluetooth__host.a(att.c.obj)
 .text.bt_gatt_foreach_attr
                0x0000c53c       0x16 zephyr/subsys/bluetooth/host/libsubsys__bluetooth__host.a(att.c.obj)
 .text.read_group_cb
                0x0000c552       0xce zephyr/subsys/bluetooth/host/libsubsys__bluetooth__host.a(att.c.obj)
 .text.read_type_cb
                0x0000c620       0xba zephyr/subsys/bluetooth/host/libsubsys__bluetooth__host.a(att.c.obj)
 .text.find_info_cb
                0x0000c6da       0x9a zephyr/subsys/bluetooth/host/libsubsys__bluetooth__host.a(att.c.obj)
 .text.att_exec_write_req
                0x0000c774        0x4 zephyr/subsys/bluetooth/host/libsubsys__bluetooth__host.a(att.c.obj)
 .text.att_pdu_sent
                0x0000c778       0x58 zephyr/subsys/bluetooth/host/libsubsys__bluetooth__host.a(att.c.obj)
                0x0000c778                att_pdu_sent
 .text.att_cfm_sent
                0x0000c7d0       0x2a zephyr/subsys/bluetooth/host/libsubsys__bluetooth__host.a(att.c.obj)
                0x0000c7d0                att_cfm_sent
 .text.att_rsp_sent
                0x0000c7fa       0x2a zephyr/subsys/bluetooth/host/libsubsys__bluetooth__host.a(att.c.obj)
                0x0000c7fa                att_rsp_sent
 .text.write_cb
                0x0000c824       0x5c zephyr/subsys/bluetooth/host/libsubsys__bluetooth__host.a(att.c.obj)
 .text.read_cb  0x0000c880       0x76 zephyr/subsys/bluetooth/host/libsubsys__bluetooth__host.a(att.c.obj)
 .text.att_read_blob_req
                0x0000c8f6       0x18 zephyr/subsys/bluetooth/host/libsubsys__bluetooth__host.a(att.c.obj)
 .text.att_read_req
                0x0000c90e       0x18 zephyr/subsys/bluetooth/host/libsubsys__bluetooth__host.a(att.c.obj)
 .text.bt_att_init
                0x0000c926        0x4 zephyr/subsys/bluetooth/host/libsubsys__bluetooth__host.a(att.c.obj)
                0x0000c926                bt_att_init
 .text.att_req_destroy
                0x0000c92a       0x1e zephyr/subsys/bluetooth/host/libsubsys__bluetooth__host.a(att.c.obj)
 .text.att_confirm
                0x0000c948        0xa zephyr/subsys/bluetooth/host/libsubsys__bluetooth__host.a(att.c.obj)
 .text.att_reset
                0x0000c952       0x84 zephyr/subsys/bluetooth/host/libsubsys__bluetooth__host.a(att.c.obj)
 .text.bt_att_disconnected
                0x0000c9d6       0x12 zephyr/subsys/bluetooth/host/libsubsys__bluetooth__host.a(att.c.obj)
 .text.bt_att_send
                0x0000c9e8       0x60 zephyr/subsys/bluetooth/host/libsubsys__bluetooth__host.a(att.c.obj)
                0x0000c9e8                bt_att_send
 .text.bt_att_req_send
                0x0000ca48       0x44 zephyr/subsys/bluetooth/host/libsubsys__bluetooth__host.a(att.c.obj)
                0x0000ca48                bt_att_req_send
 .text.find_next
                0x0000ca8c        0x6 zephyr/subsys/bluetooth/host/libsubsys__bluetooth__host.a(gatt.c.obj)
 .text.gatt_ccc_changed
                0x0000ca92       0x14 zephyr/subsys/bluetooth/host/libsubsys__bluetooth__host.a(gatt.c.obj)
 .text.gatt_indicate_rsp
                0x0000caa6       0x10 zephyr/subsys/bluetooth/host/libsubsys__bluetooth__host.a(gatt.c.obj)
 .text.gen_hash_m
                0x0000cab6       0xac zephyr/subsys/bluetooth/host/libsubsys__bluetooth__host.a(gatt.c.obj)
 .text.atomic_set_bit
                0x0000cb62       0x16 zephyr/subsys/bluetooth/host/libsubsys__bluetooth__host.a(gatt.c.obj)
 .text.atomic_test_bit
                0x0000cb78        0xc zephyr/subsys/bluetooth/host/libsubsys__bluetooth__host.a(gatt.c.obj)
 .text.match_uuid
                0x0000cb84        0x6 zephyr/subsys/bluetooth/host/libsubsys__bluetooth__host.a(gatt.c.obj)
 .text.sc_restore_rsp
                0x0000cb8a       0x1c zephyr/subsys/bluetooth/host/libsubsys__bluetooth__host.a(gatt.c.obj)
 .text.find_ccc_cfg
                0x0000cba6       0x34 zephyr/subsys/bluetooth/host/libsubsys__bluetooth__host.a(gatt.c.obj)
 .text.read_appearance
                0x0000cbda       0x36 zephyr/subsys/bluetooth/host/libsubsys__bluetooth__host.a(gatt.c.obj)
 .text.read_name
                0x0000cc10       0x3c zephyr/subsys/bluetooth/host/libsubsys__bluetooth__host.a(gatt.c.obj)
 .text.bt_gatt_attr_read_ccc
                0x0000cc4c       0x40 zephyr/subsys/bluetooth/host/libsubsys__bluetooth__host.a(gatt.c.obj)
                0x0000cc4c                bt_gatt_attr_read_ccc
 .text.cf_read  0x0000cc8c       0x48 zephyr/subsys/bluetooth/host/libsubsys__bluetooth__host.a(gatt.c.obj)
 .text.bt_gatt_attr_read_service
                0x0000ccd4       0x52 zephyr/subsys/bluetooth/host/libsubsys__bluetooth__host.a(gatt.c.obj)
                0x0000ccd4                bt_gatt_attr_read_service
 .text.sc_ccc_cfg_write
                0x0000cd26       0x2c zephyr/subsys/bluetooth/host/libsubsys__bluetooth__host.a(gatt.c.obj)
 .text.bt_gatt_attr_read_chrc
                0x0000cd52       0x62 zephyr/subsys/bluetooth/host/libsubsys__bluetooth__host.a(gatt.c.obj)
                0x0000cd52                bt_gatt_attr_read_chrc
 .text.bt_gatt_foreach_attr
                0x0000cdb4       0x16 zephyr/subsys/bluetooth/host/libsubsys__bluetooth__host.a(gatt.c.obj)
 .text.db_hash_process
                0x0000cdca        0x4 zephyr/subsys/bluetooth/host/libsubsys__bluetooth__host.a(gatt.c.obj)
 .text.bt_gatt_check_perm
                0x0000cdce       0x46 zephyr/subsys/bluetooth/host/libsubsys__bluetooth__host.a(gatt.c.obj)
                0x0000cdce                bt_gatt_check_perm
 .text.bt_gatt_is_subscribed
                0x0000ce14       0x94 zephyr/subsys/bluetooth/host/libsubsys__bluetooth__host.a(gatt.c.obj)
                0x0000ce14                bt_gatt_is_subscribed
 .text.bt_gatt_change_aware
                0x0000cea8       0x56 zephyr/subsys/bluetooth/host/libsubsys__bluetooth__host.a(gatt.c.obj)
                0x0000cea8                bt_gatt_change_aware
 .text.bt_smp_recv
                0x0000cefe       0x42 zephyr/subsys/bluetooth/host/libsubsys__bluetooth__host.a(smp_null.c.obj)
 .text.bt_smp_sign
                0x0000cf40        0x6 zephyr/subsys/bluetooth/host/libsubsys__bluetooth__host.a(smp_null.c.obj)
                0x0000cf40                bt_smp_sign
 .text.bt_smp_init
                0x0000cf46        0x4 zephyr/subsys/bluetooth/host/libsubsys__bluetooth__host.a(smp_null.c.obj)
                0x0000cf46                bt_smp_init
 .text.fixed_data_unref
                0x0000cf4a        0x2 zephyr/subsys/net/libsubsys__net.a(buf.c.obj)
 .text.k_uptime_get_32
                0x0000cf4c        0x8 zephyr/subsys/net/libsubsys__net.a(buf.c.obj)
 .text.net_buf_alloc_fixed
                0x0000cf54        0xc zephyr/subsys/net/libsubsys__net.a(buf.c.obj)
                0x0000cf54                net_buf_alloc_fixed
 .text.net_buf_get
                0x0000cf60       0x32 zephyr/subsys/net/libsubsys__net.a(buf.c.obj)
                0x0000cf60                net_buf_get
 .text.net_buf_simple_reserve
                0x0000cf92        0x8 zephyr/subsys/net/libsubsys__net.a(buf.c.obj)
                0x0000cf92                net_buf_simple_reserve
 .text.net_buf_put
                0x0000cf9a       0x1a zephyr/subsys/net/libsubsys__net.a(buf.c.obj)
                0x0000cf9a                net_buf_put
 .text.net_buf_ref
                0x0000cfb4        0x8 zephyr/subsys/net/libsubsys__net.a(buf.c.obj)
                0x0000cfb4                net_buf_ref
 .text.net_buf_simple_add
                0x0000cfbc        0xc zephyr/subsys/net/libsubsys__net.a(buf.c.obj)
                0x0000cfbc                net_buf_simple_add
 .text.net_buf_simple_add_mem
                0x0000cfc8       0x12 zephyr/subsys/net/libsubsys__net.a(buf.c.obj)
                0x0000cfc8                net_buf_simple_add_mem
 .text.net_buf_simple_add_u8
                0x0000cfda       0x10 zephyr/subsys/net/libsubsys__net.a(buf.c.obj)
                0x0000cfda                net_buf_simple_add_u8
 .text.net_buf_simple_push
                0x0000cfea       0x10 zephyr/subsys/net/libsubsys__net.a(buf.c.obj)
                0x0000cfea                net_buf_simple_push
 .text.net_buf_simple_push_u8
                0x0000cffa       0x12 zephyr/subsys/net/libsubsys__net.a(buf.c.obj)
                0x0000cffa                net_buf_simple_push_u8
 .text.net_buf_simple_pull
                0x0000d00c       0x10 zephyr/subsys/net/libsubsys__net.a(buf.c.obj)
                0x0000d00c                net_buf_simple_pull
 .text.net_buf_simple_pull_mem
                0x0000d01c       0x10 zephyr/subsys/net/libsubsys__net.a(buf.c.obj)
                0x0000d01c                net_buf_simple_pull_mem
 .text.net_buf_simple_pull_le16
                0x0000d02c       0x10 zephyr/subsys/net/libsubsys__net.a(buf.c.obj)
                0x0000d02c                net_buf_simple_pull_le16
 .text.net_buf_simple_headroom
                0x0000d03c        0x8 zephyr/subsys/net/libsubsys__net.a(buf.c.obj)
                0x0000d03c                net_buf_simple_headroom
 .text.net_buf_simple_tailroom
                0x0000d044       0x10 zephyr/subsys/net/libsubsys__net.a(buf.c.obj)
                0x0000d044                net_buf_simple_tailroom
 .text.gpio_nrfx_write
                0x0000d054       0x34 zephyr/drivers/gpio/libdrivers__gpio.a(gpio_nrfx.c.obj)
 .text.gpio_nrfx_read
                0x0000d088       0x32 zephyr/drivers/gpio/libdrivers__gpio.a(gpio_nrfx.c.obj)
 .text.gpio_nrfx_manage_callback
                0x0000d0ba       0x56 zephyr/drivers/gpio/libdrivers__gpio.a(gpio_nrfx.c.obj)
 .text.fire_callbacks
                0x0000d110       0x2a zephyr/drivers/gpio/libdrivers__gpio.a(gpio_nrfx.c.obj)
 .text.gpio_nrfx_pin_disable_callback
                0x0000d13a       0x42 zephyr/drivers/gpio/libdrivers__gpio.a(gpio_nrfx.c.obj)
 .text.check_level_trigger_pins
                0x0000d17c       0x5a zephyr/drivers/gpio/libdrivers__gpio.a(gpio_nrfx.c.obj)
 .text.cfg_level_pins
                0x0000d1d6       0x5a zephyr/drivers/gpio/libdrivers__gpio.a(gpio_nrfx.c.obj)
 .text.gpio_nrfx_pin_enable_callback
                0x0000d230       0x40 zephyr/drivers/gpio/libdrivers__gpio.a(gpio_nrfx.c.obj)
 .text.vipm_nrf_max_data_size_get
                0x0000d270        0x6 zephyr/drivers/ipm/libdrivers__ipm.a(ipm_nrfx_ipc.c.obj)
 .text.vipm_nrf_max_id_val_get
                0x0000d276        0x4 zephyr/drivers/ipm/libdrivers__ipm.a(ipm_nrfx_ipc.c.obj)
 .text.vipm_nrf_1_set_enabled
                0x0000d27a       0x1c zephyr/drivers/ipm/libdrivers__ipm.a(ipm_nrfx_ipc.c.obj)
 .text.uarte_nrfx_config_get
                0x0000d296       0x10 zephyr/drivers/serial/libdrivers__serial.a(uart_nrfx_uarte.c.obj)
 .text.uarte_nrfx_err_check
                0x0000d2a6       0x10 zephyr/drivers/serial/libdrivers__serial.a(uart_nrfx_uarte.c.obj)
 .text.uarte_nrfx_poll_in
                0x0000d2b6       0x24 zephyr/drivers/serial/libdrivers__serial.a(uart_nrfx_uarte.c.obj)
 .text.uarte_nrfx_poll_out
                0x0000d2da       0x30 zephyr/drivers/serial/libdrivers__serial.a(uart_nrfx_uarte.c.obj)
 .text.nrfx_isr
                0x0000d30a        0x2 modules/nordic/lib..__modules__hal__nordic.a(nrfx_glue.c.obj)
                0x0000d30a                nrfx_isr
 .text.metal_device_open
                0x0000d30c       0x4c modules/libmetal/libmetal/lib/libmetal.a(device.c.obj)
                0x0000d30c                metal_device_open
 .text.metal_io_block_read
                0x0000d358       0x7a modules/libmetal/libmetal/lib/libmetal.a(io.c.obj)
                0x0000d358                metal_io_block_read
 .text.metal_io_block_write
                0x0000d3d2       0x76 modules/libmetal/libmetal/lib/libmetal.a(io.c.obj)
                0x0000d3d2                metal_io_block_write
 .text.metal_io_block_set
                0x0000d448       0x72 modules/libmetal/libmetal/lib/libmetal.a(io.c.obj)
                0x0000d448                metal_io_block_set
 .text.metal_generic_dev_sys_open
                0x0000d4ba        0x4 modules/libmetal/libmetal/lib/libmetal.a(device.c.obj)
                0x0000d4ba                metal_generic_dev_sys_open
 .text.virtio_create_virtqueues
                0x0000d4be       0x9a modules/open-amp/open-amp/lib/libopen_amp.a(virtio.c.obj)
                0x0000d4be                virtio_create_virtqueues
 .text.metal_io_phys
                0x0000d558       0x36 modules/open-amp/open-amp/lib/libopen_amp.a(virtqueue.c.obj)
 .text.virtqueue_add_buffer
                0x0000d58e       0xb8 modules/open-amp/open-amp/lib/libopen_amp.a(virtqueue.c.obj)
                0x0000d58e                virtqueue_add_buffer
 .text.virtqueue_get_buffer
                0x0000d646       0x76 modules/open-amp/open-amp/lib/libopen_amp.a(virtqueue.c.obj)
                0x0000d646                virtqueue_get_buffer
 .text.virtqueue_get_available_buffer
                0x0000d6bc       0xa6 modules/open-amp/open-amp/lib/libopen_amp.a(virtqueue.c.obj)
                0x0000d6bc                virtqueue_get_available_buffer
 .text.virtqueue_disable_cb
                0x0000d762       0x24 modules/open-amp/open-amp/lib/libopen_amp.a(virtqueue.c.obj)
                0x0000d762                virtqueue_disable_cb
 .text.virtqueue_create
                0x0000d786       0x64 modules/open-amp/open-amp/lib/libopen_amp.a(virtqueue.c.obj)
                0x0000d786                virtqueue_create
 .text.virtqueue_kick
                0x0000d7ea       0x48 modules/open-amp/open-amp/lib/libopen_amp.a(virtqueue.c.obj)
                0x0000d7ea                virtqueue_kick
 .text.virtqueue_get_desc_size
                0x0000d832       0x24 modules/open-amp/open-amp/lib/libopen_amp.a(virtqueue.c.obj)
                0x0000d832                virtqueue_get_desc_size
 .text.virtqueue_notification
                0x0000d856        0xc modules/open-amp/open-amp/lib/libopen_amp.a(virtqueue.c.obj)
                0x0000d856                virtqueue_notification
 .text.rpmsg_unregister_endpoint
                0x0000d862       0x3c modules/open-amp/open-amp/lib/libopen_amp.a(rpmsg.c.obj)
 .text.__metal_mutex_acquire
                0x0000d89e        0x8 modules/open-amp/open-amp/lib/libopen_amp.a(rpmsg.c.obj)
 .text.rpmsg_send_ns_message
                0x0000d8a6       0x32 modules/open-amp/open-amp/lib/libopen_amp.a(rpmsg.c.obj)
                0x0000d8a6                rpmsg_send_ns_message
 .text.rpmsg_get_endpoint
                0x0000d8d8       0x60 modules/open-amp/open-amp/lib/libopen_amp.a(rpmsg.c.obj)
                0x0000d8d8                rpmsg_get_endpoint
 .text.rpmsg_register_endpoint
                0x0000d938       0x16 modules/open-amp/open-amp/lib/libopen_amp.a(rpmsg.c.obj)
                0x0000d938                rpmsg_register_endpoint
 .text.rpmsg_destroy_ept
                0x0000d94e       0x2e modules/open-amp/open-amp/lib/libopen_amp.a(rpmsg.c.obj)
                0x0000d94e                rpmsg_destroy_ept
 .text.rpmsg_virtio_tx_callback
                0x0000d97c        0x2 modules/open-amp/open-amp/lib/libopen_amp.a(rpmsg_virtio.c.obj)
 .text.k_sem_give
                0x0000d97e        0x4 modules/open-amp/open-amp/lib/libopen_amp.a(rpmsg_virtio.c.obj)
 .text.rpmsg_virtio_get_rx_buffer
                0x0000d982       0x28 modules/open-amp/open-amp/lib/libopen_amp.a(rpmsg_virtio.c.obj)
 .text.__metal_mutex_acquire
                0x0000d9aa        0x8 modules/open-amp/open-amp/lib/libopen_amp.a(rpmsg_virtio.c.obj)
 .text.rpmsg_virtio_ns_callback
                0x0000d9b2       0x94 modules/open-amp/open-amp/lib/libopen_amp.a(rpmsg_virtio.c.obj)
 .text.rpmsg_virtio_rx_callback
                0x0000da46       0xa6 modules/open-amp/open-amp/lib/libopen_amp.a(rpmsg_virtio.c.obj)
 .text.rpmsg_virtio_shm_pool_get_buffer
                0x0000daec       0x1c modules/open-amp/open-amp/lib/libopen_amp.a(rpmsg_virtio.c.obj)
                0x0000daec                rpmsg_virtio_shm_pool_get_buffer
 .text.rpmsg_virtio_init_shm_pool
                0x0000db08       0x14 modules/open-amp/open-amp/lib/libopen_amp.a(rpmsg_virtio.c.obj)
                0x0000db08                rpmsg_virtio_init_shm_pool
 .text.z_sys_power_save_idle_exit
                0x0000db1c        0x4 zephyr/kernel/libkernel.a(idle.c.obj)
                0x0000db1c                z_sys_power_save_idle_exit
 .text.k_mem_slab_init
                0x0000db20       0x36 zephyr/kernel/libkernel.a(mem_slab.c.obj)
                0x0000db20                k_mem_slab_init
 .text.k_mem_pool_malloc
                0x0000db56       0x28 zephyr/kernel/libkernel.a(mempool.c.obj)
                0x0000db56                k_mem_pool_malloc
 .text.k_free   0x0000db7e        0xa zephyr/kernel/libkernel.a(mempool.c.obj)
                0x0000db7e                k_free
 .text.queue_insert
                0x0000db88       0xa2 zephyr/kernel/libkernel.a(queue.c.obj)
 .text.z_queue_node_peek
                0x0000dc2a       0x18 zephyr/kernel/libkernel.a(queue.c.obj)
                0x0000dc2a                z_queue_node_peek
 .text.z_impl_k_queue_init
                0x0000dc42       0x10 zephyr/kernel/libkernel.a(queue.c.obj)
                0x0000dc42                z_impl_k_queue_init
 .text.k_queue_append
                0x0000dc52        0xa zephyr/kernel/libkernel.a(queue.c.obj)
                0x0000dc52                k_queue_append
 .text.k_queue_prepend
                0x0000dc5c        0xa zephyr/kernel/libkernel.a(queue.c.obj)
                0x0000dc5c                k_queue_prepend
 .text.k_queue_append_list
                0x0000dc66       0x48 zephyr/kernel/libkernel.a(queue.c.obj)
                0x0000dc66                k_queue_append_list
 .text.z_impl_k_queue_get
                0x0000dcae       0xca zephyr/kernel/libkernel.a(queue.c.obj)
                0x0000dcae                z_impl_k_queue_get
 .text.z_is_thread_ready